Component: ARM Compiler 5.06 update 4 (build 422) Tool: armlink [4d35d2]

==============================================================================

Section Cross References

    usbd_ctlreq.o(i.USBD_CtlError) refers to usbd_conf.o(i.USBD_LL_StallEP) for USBD_LL_StallEP
    usbd_ctlreq.o(i.USBD_GetDescriptor) refers to usbd_ctlreq.o(i.USBD_CtlError) for USBD_CtlError
    usbd_ctlreq.o(i.USBD_GetDescriptor) refers to usbd_ioreq.o(i.USBD_CtlSendData) for USBD_CtlSendData
    usbd_ctlreq.o(i.USBD_SetConfig) refers to usbd_core.o(i.USBD_ClrClassConfig) for USBD_ClrClassConfig
    usbd_ctlreq.o(i.USBD_SetConfig) refers to usbd_core.o(i.USBD_SetClassConfig) for USBD_SetClassConfig
    usbd_ctlreq.o(i.USBD_SetConfig) refers to usbd_ioreq.o(i.USBD_CtlSendStatus) for USBD_CtlSendStatus
    usbd_ctlreq.o(i.USBD_SetConfig) refers to usbd_ctlreq.o(i.USBD_CtlError) for USBD_CtlError
    usbd_ctlreq.o(i.USBD_SetConfig) refers to usbd_ctlreq.o(.data) for .data
    usbd_ctlreq.o(i.USBD_StdDevReq) refers to usbd_ctlreq.o(i.USBD_GetDescriptor) for USBD_GetDescriptor
    usbd_ctlreq.o(i.USBD_StdDevReq) refers to usbd_conf.o(i.USBD_LL_SetUSBAddress) for USBD_LL_SetUSBAddress
    usbd_ctlreq.o(i.USBD_StdDevReq) refers to usbd_ioreq.o(i.USBD_CtlSendStatus) for USBD_CtlSendStatus
    usbd_ctlreq.o(i.USBD_StdDevReq) refers to usbd_ctlreq.o(i.USBD_SetConfig) for USBD_SetConfig
    usbd_ctlreq.o(i.USBD_StdDevReq) refers to usbd_ctlreq.o(i.USBD_CtlError) for USBD_CtlError
    usbd_ctlreq.o(i.USBD_StdDevReq) refers to usbd_ioreq.o(i.USBD_CtlSendData) for USBD_CtlSendData
    usbd_ctlreq.o(i.USBD_StdEPReq) refers to usbd_conf.o(i.USBD_LL_StallEP) for USBD_LL_StallEP
    usbd_ctlreq.o(i.USBD_StdEPReq) refers to usbd_conf.o(i.USBD_LL_ClearStallEP) for USBD_LL_ClearStallEP
    usbd_ctlreq.o(i.USBD_StdEPReq) refers to usbd_ioreq.o(i.USBD_CtlSendStatus) for USBD_CtlSendStatus
    usbd_ctlreq.o(i.USBD_StdEPReq) refers to usbd_ctlreq.o(i.USBD_CtlError) for USBD_CtlError
    usbd_ctlreq.o(i.USBD_StdEPReq) refers to usbd_conf.o(i.USBD_LL_IsStallEP) for USBD_LL_IsStallEP
    usbd_ctlreq.o(i.USBD_StdEPReq) refers to usbd_ioreq.o(i.USBD_CtlSendData) for USBD_CtlSendData
    usbd_ctlreq.o(i.USBD_StdItfReq) refers to usbd_ioreq.o(i.USBD_CtlSendStatus) for USBD_CtlSendStatus
    usbd_ctlreq.o(i.USBD_StdItfReq) refers to usbd_ctlreq.o(i.USBD_CtlError) for USBD_CtlError
    usbd_msc_bot.o(i.MSC_BOT_Abort) refers to usbd_conf.o(i.USBD_LL_StallEP) for USBD_LL_StallEP
    usbd_msc_bot.o(i.MSC_BOT_Abort) refers to usbd_conf.o(i.USBD_LL_PrepareReceive) for USBD_LL_PrepareReceive
    usbd_msc_bot.o(i.MSC_BOT_CBW_Decode) refers to usbd_conf.o(i.USBD_LL_GetRxDataSize) for USBD_LL_GetRxDataSize
    usbd_msc_bot.o(i.MSC_BOT_CBW_Decode) refers to usbd_msc_scsi.o(i.SCSI_SenseCode) for SCSI_SenseCode
    usbd_msc_bot.o(i.MSC_BOT_CBW_Decode) refers to usbd_msc_scsi.o(i.SCSI_ProcessCmd) for SCSI_ProcessCmd
    usbd_msc_bot.o(i.MSC_BOT_CBW_Decode) refers to usbd_msc_bot.o(i.MSC_BOT_Abort) for MSC_BOT_Abort
    usbd_msc_bot.o(i.MSC_BOT_CBW_Decode) refers to usbd_conf.o(i.USBD_LL_Transmit) for USBD_LL_Transmit
    usbd_msc_bot.o(i.MSC_BOT_CBW_Decode) refers to usbd_msc_bot.o(i.MSC_BOT_SendCSW) for MSC_BOT_SendCSW
    usbd_msc_bot.o(i.MSC_BOT_CplClrFeature) refers to usbd_msc_bot.o(i.MSC_BOT_SendCSW) for MSC_BOT_SendCSW
    usbd_msc_bot.o(i.MSC_BOT_CplClrFeature) refers to usbd_conf.o(i.USBD_LL_StallEP) for USBD_LL_StallEP
    usbd_msc_bot.o(i.MSC_BOT_DataIn) refers to usbd_msc_scsi.o(i.SCSI_ProcessCmd) for SCSI_ProcessCmd
    usbd_msc_bot.o(i.MSC_BOT_DataIn) refers to usbd_msc_bot.o(i.MSC_BOT_SendCSW) for MSC_BOT_SendCSW
    usbd_msc_bot.o(i.MSC_BOT_DataOut) refers to usbd_msc_scsi.o(i.SCSI_ProcessCmd) for SCSI_ProcessCmd
    usbd_msc_bot.o(i.MSC_BOT_DataOut) refers to usbd_msc_bot.o(i.MSC_BOT_SendCSW) for MSC_BOT_SendCSW
    usbd_msc_bot.o(i.MSC_BOT_DataOut) refers to usbd_msc_bot.o(i.MSC_BOT_CBW_Decode) for MSC_BOT_CBW_Decode
    usbd_msc_bot.o(i.MSC_BOT_Init) refers to usbd_conf.o(i.USBD_LL_FlushEP) for USBD_LL_FlushEP
    usbd_msc_bot.o(i.MSC_BOT_Init) refers to usbd_conf.o(i.USBD_LL_PrepareReceive) for USBD_LL_PrepareReceive
    usbd_msc_bot.o(i.MSC_BOT_Reset) refers to usbd_conf.o(i.USBD_LL_PrepareReceive) for USBD_LL_PrepareReceive
    usbd_msc_bot.o(i.MSC_BOT_SendCSW) refers to usbd_conf.o(i.USBD_LL_Transmit) for USBD_LL_Transmit
    usbd_msc_bot.o(i.MSC_BOT_SendCSW) refers to usbd_conf.o(i.USBD_LL_PrepareReceive) for USBD_LL_PrepareReceive
    usbd_msc.o(i.USBD_MSC_DataIn) refers to usbd_msc_bot.o(i.MSC_BOT_DataIn) for MSC_BOT_DataIn
    usbd_msc.o(i.USBD_MSC_DataOut) refers to usbd_msc_bot.o(i.MSC_BOT_DataOut) for MSC_BOT_DataOut
    usbd_msc.o(i.USBD_MSC_DeInit) refers to usbd_conf.o(i.USBD_LL_CloseEP) for USBD_LL_CloseEP
    usbd_msc.o(i.USBD_MSC_DeInit) refers to usbd_msc_bot.o(i.MSC_BOT_DeInit) for MSC_BOT_DeInit
    usbd_msc.o(i.USBD_MSC_DeInit) refers to malloc.o(i.free) for free
[...]
    SD_FindSCR                               0x08003375   Thumb Code   212  stm32f4xx_hal_sd.o(i.SD_FindSCR)
    i.SD_InitCard                            0x08003448   Section        0  stm32f4xx_hal_sd.o(i.SD_InitCard)
    SD_InitCard                              0x08003449   Thumb Code   230  stm32f4xx_hal_sd.o(i.SD_InitCard)
    i.SD_PowerON                             0x0800352e   Section        0  stm32f4xx_hal_sd.o(i.SD_PowerON)
    SD_PowerON                               0x0800352f   Thumb Code   162  stm32f4xx_hal_sd.o(i.SD_PowerON)
    i.SD_WideBus_Disable                     0x080035d0   Section        0  stm32f4xx_hal_sd.o(i.SD_WideBus_Disable)
    SD_WideBus_Disable                       0x080035d1   Thumb Code    78  stm32f4xx_hal_sd.o(i.SD_WideBus_Disable)
    i.SD_WideBus_Enable                      0x0800361e   Section        0  stm32f4xx_hal_sd.o(i.SD_WideBus_Enable)
    SD_WideBus_Enable                        0x0800361f   Thumb Code    78  stm32f4xx_hal_sd.o(i.SD_WideBus_Enable)
    i.SD_initialize                          0x0800366c   Section        0  sd_diskio.o(i.SD_initialize)
    i.SD_ioctl                               0x0800368c   Section        0  sd_diskio.o(i.SD_ioctl)
    i.SD_read                                0x080036dc   Section        0  sd_diskio.o(i.SD_read)
    i.SD_status                              0x08003718   Section        0  sd_diskio.o(i.SD_status)
    i.SD_write                               0x08003738   Section        0  sd_diskio.o(i.SD_write)
    i.STORAGE_GetCapacity_FS                 0x08003774   Section        0  usbd_storage_if.o(i.STORAGE_GetCapacity_FS)
    STORAGE_GetCapacity_FS                   0x08003775   Thumb Code    14  usbd_storage_if.o(i.STORAGE_GetCapacity_FS)
    i.STORAGE_GetMaxLun_FS                   0x08003782   Section        0  usbd_storage_if.o(i.STORAGE_GetMaxLun_FS)
    STORAGE_GetMaxLun_FS                     0x08003783   Thumb Code     4  usbd_storage_if.o(i.STORAGE_GetMaxLun_FS)
    i.STORAGE_Init_FS                        0x08003786   Section        0  usbd_storage_if.o(i.STORAGE_Init_FS)
    STORAGE_Init_FS                          0x08003787   Thumb Code     4  usbd_storage_if.o(i.STORAGE_Init_FS)
    i.STORAGE_IsReady_FS                     0x0800378a   Section        0  usbd_storage_if.o(i.STORAGE_IsReady_FS)
    STORAGE_IsReady_FS                       0x0800378b   Thumb Code     4  usbd_storage_if.o(i.STORAGE_IsReady_FS)
    i.STORAGE_IsWriteProtected_FS            0x0800378e   Section        0  usbd_storage_if.o(i.STORAGE_IsWriteProtected_FS)
    STORAGE_IsWriteProtected_FS              0x0800378f   Thumb Code     4  usbd_storage_if.o(i.STORAGE_IsWriteProtected_FS)
    i.STORAGE_Read_FS                        0x08003794   Section        0  usbd_storage_if.o(i.STORAGE_Read_FS)
    STORAGE_Read_FS                          0x08003795   Thumb Code    48  usbd_storage_if.o(i.STORAGE_Read_FS)
    i.STORAGE_Write_FS                       0x080037c8   Section        0  usbd_storage_if.o(i.STORAGE_Write_FS)
    STORAGE_Write_FS                         0x080037c9   Thumb Code    50  usbd_storage_if.o(i.STORAGE_Write_FS)
    i.SVC_Handler                            0x08003800   Section        0  stm32f4xx_it.o(i.SVC_Handler)
    i.SysTick_Handler                        0x08003802   Section        0  stm32f4xx_it.o(i.SysTick_Handler)
    i.SystemClock_Config                     0x08003810   Section        0  main.o(i.SystemClock_Config)
    i.SystemInit                             0x080038b4   Section        0  system_stm32f4xx.o(i.SystemInit)
    i.USBD_ClrClassConfig                    0x08003908   Section        0  usbd_core.o(i.USBD_ClrClassConfig)
    i.USBD_CtlContinueRx                     0x08003916   Section        0  usbd_ioreq.o(i.USBD_CtlContinueRx)
    i.USBD_CtlContinueSendData               0x08003926   Section        0  usbd_ioreq.o(i.USBD_CtlContinueSendData)
    i.USBD_CtlError                          0x08003936   Section        0  usbd_ctlreq.o(i.USBD_CtlError)
    i.USBD_CtlReceiveStatus                  0x0800394c   Section        0  usbd_ioreq.o(i.USBD_CtlReceiveStatus)
    i.USBD_CtlSendData                       0x08003962   Section        0  usbd_ioreq.o(i.USBD_CtlSendData)
    i.USBD_CtlSendStatus                     0x0800397c   Section        0  usbd_ioreq.o(i.USBD_CtlSendStatus)
    i.USBD_FS_ConfigStrDescriptor            0x08003994   Section        0  usbd_desc.o(i.USBD_FS_ConfigStrDescriptor)
    i.USBD_FS_DeviceDescriptor               0x080039b4   Section        0  usbd_desc.o(i.USBD_FS_DeviceDescriptor)
    i.USBD_FS_InterfaceStrDescriptor         0x080039c0   Section        0  usbd_desc.o(i.USBD_FS_InterfaceStrDescriptor)
    i.USBD_FS_LangIDStrDescriptor            0x080039e4   Section        0  usbd_desc.o(i.USBD_FS_LangIDStrDescriptor)
    i.USBD_FS_ManufacturerStrDescriptor      0x080039f0   Section        0  usbd_desc.o(i.USBD_FS_ManufacturerStrDescriptor)
    i.USBD_FS_ProductStrDescriptor           0x08003a18   Section        0  usbd_desc.o(i.USBD_FS_ProductStrDescriptor)
    i.USBD_FS_SerialStrDescriptor            0x08003a40   Section        0  usbd_desc.o(i.USBD_FS_SerialStrDescriptor)
    i.USBD_GetDescriptor                     0x08003a64   Section        0  usbd_ctlreq.o(i.USBD_GetDescriptor)
    USBD_GetDescriptor                       0x08003a65   Thumb Code   224  usbd_ctlreq.o(i.USBD_GetDescriptor)
    i.USBD_GetString                         0x08003b44   Section        0  usbd_ctlreq.o(i.USBD_GetString)
    i.USBD_Init                              0x08003b8a   Section        0  usbd_core.o(i.USBD_Init)
    i.USBD_LL_ClearStallEP                   0x08003bb4   Section        0  usbd_conf.o(i.USBD_LL_ClearStallEP)
    i.USBD_LL_CloseEP                        0x08003bd4   Section        0  usbd_conf.o(i.USBD_LL_CloseEP)
    i.USBD_LL_DataInStage                    0x08003bf4   Section        0  usbd_core.o(i.USBD_LL_DataInStage)
    i.USBD_LL_DataOutStage                   0x08003c9e   Section        0  usbd_core.o(i.USBD_LL_DataOutStage)
    i.USBD_LL_DevConnected                   0x08003d08   Section        0  usbd_core.o(i.USBD_LL_DevConnected)
    i.USBD_LL_DevDisconnected                0x08003d0c   Section        0  usbd_core.o(i.USBD_LL_DevDisconnected)
    i.USBD_LL_FlushEP                        0x08003d22   Section        0  usbd_conf.o(i.USBD_LL_FlushEP)
    i.USBD_LL_GetRxDataSize                  0x08003d42   Section        0  usbd_conf.o(i.USBD_LL_GetRxDataSize)
    i.USBD_LL_Init                           0x08003d4c   Section        0  usbd_conf.o(i.USBD_LL_Init)
    i.USBD_LL_IsStallEP                      0x08003dc8   Section        0  usbd_conf.o(i.USBD_LL_IsStallEP)
    i.USBD_LL_IsoINIncomplete                0x08003de8   Section        0  usbd_core.o(i.USBD_LL_IsoINIncomplete)
    i.USBD_LL_IsoOUTIncomplete               0x08003dec   Section        0  usbd_core.o(i.USBD_LL_IsoOUTIncomplete)
    i.USBD_LL_OpenEP                         0x08003df0   Section        0  usbd_conf.o(i.USBD_LL_OpenEP)
    i.USBD_LL_PrepareReceive                 0x08003e16   Section        0  usbd_conf.o(i.USBD_LL_PrepareReceive)
    i.USBD_LL_Reset                          0x08003e36   Section        0  usbd_core.o(i.USBD_LL_Reset)
    i.USBD_LL_Resume                         0x08003e74   Section        0  usbd_core.o(i.USBD_LL_Resume)
    i.USBD_LL_SOF                            0x08003e80   Section        0  usbd_core.o(i.USBD_LL_SOF)
    i.USBD_LL_SetSpeed                       0x08003e98   Section        0  usbd_core.o(i.USBD_LL_SetSpeed)
    i.USBD_LL_SetUSBAddress                  0x08003e9e   Section        0  usbd_conf.o(i.USBD_LL_SetUSBAddress)
    i.USBD_LL_SetupStage                     0x08003ebe   Section        0  usbd_core.o(i.USBD_LL_SetupStage)
    i.USBD_LL_StallEP                        0x08003f18   Section        0  usbd_conf.o(i.USBD_LL_StallEP)
    i.USBD_LL_Start                          0x08003f38   Section        0  usbd_conf.o(i.USBD_LL_Start)
    i.USBD_LL_Suspend                        0x08003f58   Section        0  usbd_core.o(i.USBD_LL_Suspend)
    i.USBD_LL_Transmit                       0x08003f6a   Section        0  usbd_conf.o(i.USBD_LL_Transmit)
    i.USBD_MSC_DataIn                        0x08003f8a   Section        0  usbd_msc.o(i.USBD_MSC_DataIn)
    i.USBD_MSC_DataOut                       0x08003f94   Section        0  usbd_msc.o(i.USBD_MSC_DataOut)
    i.USBD_MSC_DeInit                        0x08003f9e   Section        0  usbd_msc.o(i.USBD_MSC_DeInit)
    i.USBD_MSC_GetDeviceQualifierDescriptor  0x08003fcc   Section        0  usbd_msc.o(i.USBD_MSC_GetDeviceQualifierDescriptor)
    i.USBD_MSC_GetFSCfgDesc                  0x08003fd8   Section        0  usbd_msc.o(i.USBD_MSC_GetFSCfgDesc)
    i.USBD_MSC_GetHSCfgDesc                  0x08003fe4   Section        0  usbd_msc.o(i.USBD_MSC_GetHSCfgDesc)
    i.USBD_MSC_GetOtherSpeedCfgDesc          0x08003ff0   Section        0  usbd_msc.o(i.USBD_MSC_GetOtherSpeedCfgDesc)
    i.USBD_MSC_Init                          0x08003ffc   Section        0  usbd_msc.o(i.USBD_MSC_Init)
    i.USBD_MSC_RegisterStorage               0x0800404e   Section        0  usbd_msc.o(i.USBD_MSC_RegisterStorage)
    i.USBD_MSC_Setup                         0x08004058   Section        0  usbd_msc.o(i.USBD_MSC_Setup)
    i.USBD_ParseSetupRequest                 0x0800411a   Section        0  usbd_ctlreq.o(i.USBD_ParseSetupRequest)
    i.USBD_RegisterClass                     0x08004142   Section        0  usbd_core.o(i.USBD_RegisterClass)
    i.USBD_SetClassConfig                    0x08004152   Section        0  usbd_core.o(i.USBD_SetClassConfig)
    i.USBD_SetConfig                         0x08004168   Section        0  usbd_ctlreq.o(i.USBD_SetConfig)
    USBD_SetConfig                           0x08004169   Thumb Code   110  usbd_ctlreq.o(i.USBD_SetConfig)
    i.USBD_Start                             0x080041dc   Section        0  usbd_core.o(i.USBD_Start)
    i.USBD_StdDevReq                         0x080041e6   Section        0  usbd_ctlreq.o(i.USBD_StdDevReq)
    i.USBD_StdEPReq                          0x080042d8   Section        0  usbd_ctlreq.o(i.USBD_StdEPReq)
    i.USBD_StdItfReq                         0x080043b4   Section        0  usbd_ctlreq.o(i.USBD_StdItfReq)
    i.USB_ActivateEndpoint                   0x080043e8   Section        0  stm32f4xx_ll_usb.o(i.USB_ActivateEndpoint)
    i.USB_ActivateSetup                      0x08004468   Section        0  stm32f4xx_ll_usb.o(i.USB_ActivateSetup)
    i.USB_CoreInit                           0x0800449c   Section        0  stm32f4xx_ll_usb.o(i.USB_CoreInit)
    i.USB_CoreReset                          0x08004508   Section        0  stm32f4xx_ll_usb.o(i.USB_CoreReset)
    USB_CoreReset                            0x08004509   Thumb Code    50  stm32f4xx_ll_usb.o(i.USB_CoreReset)
    i.USB_DeactivateEndpoint                 0x08004540   Section        0  stm32f4xx_ll_usb.o(i.USB_DeactivateEndpoint)
    i.USB_DevConnect                         0x08004608   Section        0  stm32f4xx_ll_usb.o(i.USB_DevConnect)
    i.USB_DevDisconnect                      0x08004620   Section        0  stm32f4xx_ll_usb.o(i.USB_DevDisconnect)
    i.USB_DevInit                            0x08004638   Section        0  stm32f4xx_ll_usb.o(i.USB_DevInit)
    i.USB_DisableGlobalInt                   0x08004778   Section        0  stm32f4xx_ll_usb.o(i.USB_DisableGlobalInt)
    i.USB_EP0StartXfer                       0x08004784   Section        0  stm32f4xx_ll_usb.o(i.USB_EP0StartXfer)
    i.USB_EP0_OutStart                       0x080048c4   Section        0  stm32f4xx_ll_usb.o(i.USB_EP0_OutStart)
    i.USB_EPClearStall                       0x08004902   Section        0  stm32f4xx_ll_usb.o(i.USB_EPClearStall)
    i.USB_EPSetStall                         0x08004966   Section        0  stm32f4xx_ll_usb.o(i.USB_EPSetStall)
    i.USB_EPStartXfer                        0x080049c4   Section        0  stm32f4xx_ll_usb.o(i.USB_EPStartXfer)
    i.USB_EnableGlobalInt                    0x08004be0   Section        0  stm32f4xx_ll_usb.o(i.USB_EnableGlobalInt)
    i.USB_FlushRxFifo                        0x08004bec   Section        0  stm32f4xx_ll_usb.o(i.USB_FlushRxFifo)
    i.USB_FlushTxFifo                        0x08004c0c   Section        0  stm32f4xx_ll_usb.o(i.USB_FlushTxFifo)
    i.USB_GetDevSpeed                        0x08004c30   Section        0  stm32f4xx_ll_usb.o(i.USB_GetDevSpeed)
    i.USB_GetMode                            0x08004c6c   Section        0  stm32f4xx_ll_usb.o(i.USB_GetMode)
    i.USB_ReadDevAllInEpInterrupt            0x08004c74   Section        0  stm32f4xx_ll_usb.o(i.USB_ReadDevAllInEpInterrupt)
    i.USB_ReadDevAllOutEpInterrupt           0x08004c82   Section        0  stm32f4xx_ll_usb.o(i.USB_ReadDevAllOutEpInterrupt)
    i.USB_ReadDevInEPInterrupt               0x08004c90   Section        0  stm32f4xx_ll_usb.o(i.USB_ReadDevInEPInterrupt)
    i.USB_ReadDevOutEPInterrupt              0x08004cae   Section        0  stm32f4xx_ll_usb.o(i.USB_ReadDevOutEPInterrupt)
    i.USB_ReadInterrupts                     0x08004cbe   Section        0  stm32f4xx_ll_usb.o(i.USB_ReadInterrupts)
    i.USB_ReadPacket                         0x08004cc6   Section        0  stm32f4xx_ll_usb.o(i.USB_ReadPacket)
    i.USB_SetCurrentMode                     0x08004ce6   Section        0  stm32f4xx_ll_usb.o(i.USB_SetCurrentMode)
    i.USB_SetDevAddress                      0x08004d12   Section        0  stm32f4xx_ll_usb.o(i.USB_SetDevAddress)
    i.USB_WritePacket                        0x08004d34   Section        0  stm32f4xx_ll_usb.o(i.USB_WritePacket)
    i.UsageFault_Handler                     0x08004d5c   Section        0  stm32f4xx_it.o(i.UsageFault_Handler)
    i._Error_Handler                         0x08004d5e   Section        0  main.o(i._Error_Handler)
    i.__scatterload_copy                     0x08004d60   Section       14  handlers.o(i.__scatterload_copy)
    i.__scatterload_null                     0x08004d6e   Section        2  handlers.o(i.__scatterload_null)
    i.__scatterload_zeroinit                 0x08004d70   Section       14  handlers.o(i.__scatterload_zeroinit)
    i.free                                   0x08004d80   Section        0  malloc.o(i.free)
    i.main                                   0x08004dd0   Section        0  main.o(i.main)
    i.malloc                                 0x08004e0c   Section        0  malloc.o(i.malloc)
    .constdata                               0x08004e78   Section        7  usbd_msc_data.o(.constdata)
    .constdata                               0x08004e7f   Section        8  usbd_msc_data.o(.constdata)
    .constdata                               0x08004e87   Section        8  usbd_msc_data.o(.constdata)
    .constdata                               0x08004e8f   Section       36  usbd_storage_if.o(.constdata)
    .constdata                               0x08004eb4   Section       20  sd_diskio.o(.constdata)
    .constdata                               0x08004ec8   Section       16  system_stm32f4xx.o(.constdata)
    .data                                    0x20000000   Section        1  usbd_ctlreq.o(.data)
    cfgidx                                   0x20000000   Data           1  usbd_ctlreq.o(.data)
    .data                                    0x20000004   Section       56  usbd_msc.o(.data)
    .data                                    0x2000003c   Section      106  usbd_msc.o(.data)
    .data                                    0x200000a8   Section        4  stm32f4xx_hal.o(.data)
    .data                                    0x200000ac   Section       28  usbd_desc.o(.data)
    .data                                    0x200000c8   Section       22  usbd_desc.o(.data)
    .data                                    0x200000de   Section        5  fatfs.o(.data)
    .data                                    0x200000e4   Section        8  stm32f4xx_hal_msp.o(.data)
    FSMC_Initialized                         0x200000e4   Data           4  stm32f4xx_hal_msp.o(.data)
    FSMC_DeInitialized                       0x200000e8   Data           4  stm32f4xx_hal_msp.o(.data)
    .data                                    0x200000ec   Section       32  usbd_storage_if.o(.data)
    .data                                    0x2000010c   Section        1  sd_diskio.o(.data)
    Stat                                     0x2000010c   Data           1  sd_diskio.o(.data)
    .data                                    0x20000110   Section        4  system_stm32f4xx.o(.data)
    .data                                    0x20000114   Section        4  mvars.o(.data)
    .data                                    0x20000118   Section        4  mvars.o(.data)
    .bss                                     0x2000011c   Section      512  usbd_desc.o(.bss)
    .bss                                     0x2000031c   Section      548  usb_device.o(.bss)
    .bss                                     0x20000540   Section     1008  usbd_conf.o(.bss)
    .bss                                     0x20000930   Section      300  main.o(.bss)
    .bss                                     0x20000a5c   Section       12  ff_gen_drv.o(.bss)
    HEAP                                     0x20000a68   Section    16384  startup_stm32f407xx.o(HEAP)
    STACK                                    0x20004a68   Section     8192  startup_stm32f407xx.o(STACK)
    .ARM.__AT_0x60000000                     0x60000000   Section    524288  usbd_storage_if.o(.ARM.__AT_0x60000000)

    Global Symbols

    Symbol Name                              Value     Ov Type        Size  Object(Section)

    BuildAttributes$$THM_ISAv4$E$P$D$K$B$S$7EM$VFPi3$EXTD16$VFPS$VFMA$PE$A:L22UL41UL21$X:L11$S22US41US21$IEEE1$IW$USESV6$~STKCKD$USESV7$~SHL$OSPACE$EBA8$MICROLIB$REQ8$PRES8$EABIv2 0x00000000   Number         0  anon$$obj.o ABSOLUTE
    __ARM_use_no_argv                        0x00000000   Number         0  main.o ABSOLUTE
    __cpp_initialize__aeabi_                  - Undefined Weak Reference
    __cxa_finalize                            - Undefined Weak Reference
    __decompress                              - Undefined Weak Reference
    _clock_init                               - Undefined Weak Reference
    _microlib_exit                            - Undefined Weak Reference
    __Vectors_Size                           0x00000188   Number         0  startup_stm32f407xx.o ABSOLUTE
    __Vectors                                0x08000000   Data           4  startup_stm32f407xx.o(RESET)
    __Vectors_End                            0x08000188   Data           0  startup_stm32f407xx.o(RESET)
    __main                                   0x08000189   Thumb Code     0  entry.o(.ARM.Collect$$$$00000000)
    _main_stk                                0x08000189   Thumb Code     0  entry2.o(.ARM.Collect$$$$00000001)
    _main_scatterload                        0x0800018d   Thumb Code     0  entry5.o(.ARM.Collect$$$$00000004)
    __main_after_scatterload                 0x08000191   Thumb Code     0  entry5.o(.ARM.Collect$$$$00000004)
    _main_clock                              0x08000191   Thumb Code     0  entry7b.o(.ARM.Collect$$$$00000008)
    _main_cpp_init                           0x08000191   Thumb Code     0  entry8b.o(.ARM.Collect$$$$0000000A)
    _main_init                               0x08000191   Thumb Code     0  entry9a.o(.ARM.Collect$$$$0000000B)
    __rt_final_cpp                           0x08000199   Thumb Code     0  entry10a.o(.ARM.Collect$$$$0000000D)
    __rt_final_exit                          0x08000199   Thumb Code     0  entry11a.o(.ARM.Collect$$$$0000000F)
    Reset_Handler                            0x0800019d   Thumb Code     8  startup_stm32f407xx.o(.text)
    ADC_IRQHandler                           0x080001b7   Thumb Code     0  startup_stm32f407xx.o(.text)
    CAN1_RX0_IRQHandler                      0x080001b7   Thumb Code     0  startup_stm32f407xx.o(.text)
    CAN1_RX1_IRQHandler                      0x080001b7   Thumb Code     0  startup_stm32f407xx.o(.text)
    CAN1_SCE_IRQHandler                      0x080001b7   Thumb Code     0  startup_stm32f407xx.o(.text)
    CAN1_TX_IRQHandler                       0x080001b7   Thumb Code     0  startup_stm32f407xx.o(.text)
    CAN2_RX0_IRQHandler                      0x080001b7   Thumb Code     0  startup_stm32f407xx.o(.text)
    CAN2_RX1_IRQHandler                      0x080001b7   Thumb Code     0  startup_stm32f407xx.o(.text)
    CAN2_SCE_IRQHandler                      0x080001b7   Thumb Code     0  startup_stm32f407xx.o(.text)
    CAN2_TX_IRQHandler                       0x080001b7   Thumb Code     0  startup_stm32f407xx.o(.text)
    DCMI_IRQHandler                          0x080001b7   Thumb Code     0  startup_stm32f407xx.o(.text)
    DMA1_Stream0_IRQHandler                  0x080001b7   Thumb Code     0  startup_stm32f407xx.o(.text)
    DMA1_Stream1_IRQHandler                  0x080001b7   Thumb Code     0  startup_stm32f407xx.o(.text)
    DMA1_Stream2_IRQHandler                  0x080001b7   Thumb Code     0  startup_stm32f407xx.o(.text)
    DMA1_Stream3_IRQHandler                  0x080001b7   Thumb Code     0  startup_stm32f407xx.o(.text)
    DMA1_Stream4_IRQHandler                  0x080001b7   Thumb Code     0  startup_stm32f407xx.o(.text)
    DMA1_Stream5_IRQHandler                  0x080001b7   Thumb Code     0  startup_stm32f407xx.o(.text)
    DMA1_Stream6_IRQHandler                  0x080001b7   Thumb Code     0  startup_stm32f407xx.o(.text)
    DMA1_Stream7_IRQHandler                  0x080001b7   Thumb Code     0  startup_stm32f407xx.o(.text)
    DMA2_Stream0_IRQHandler                  0x080001b7   Thumb Code     0  startup_stm32f407xx.o(.text)
    DMA2_Stream1_IRQHandler                  0x080001b7   Thumb Code     0  startup_stm32f407xx.o(.text)
    DMA2_Stream2_IRQHandler                  0x080001b7   Thumb Code     0  startup_stm32f407xx.o(.text)
    DMA2_Stream3_IRQHandler                  0x080001b7   Thumb Code     0  startup_stm32f407xx.o(.text)
    DMA2_Stream4_IRQHandler                  0x080001b7   Thumb Code     0  startup_stm32f407xx.o(.text)
    DMA2_Stream5_IRQHandler                  0x080001b7   Thumb Code     0  startup_stm32f407xx.o(.text)
    DMA2_Stream6_IRQHandler                  0x080001b7   Thumb Code     0  startup_stm32f407xx.o(.text)
    DMA2_Stream7_IRQHandler                  0x080001b7   Thumb Code     0  startup_stm32f407xx.o(.text)
    ETH_IRQHandler                           0x080001b7   Thumb Code     0  startup_stm32f407xx.o(.text)
    ETH_WKUP_IRQHandler                      0x080001b7   Thumb Code     0  startup_stm32f407xx.o(.text)
    EXTI0_IRQHandler                         0x080001b7   Thumb Code     0  startup_stm32f407xx.o(.text)
    EXTI15_10_IRQHandler                     0x080001b7   Thumb Code     0  startup_stm32f407xx.o(.text)
    EXTI1_IRQHandler                         0x080001b7   Thumb Code     0  startup_stm32f407xx.o(.text)
    EXTI2_IRQHandler                         0x080001b7   Thumb Code     0  startup_stm32f407xx.o(.text)
    EXTI3_IRQHandler                         0x080001b7   Thumb Code     0  startup_stm32f407xx.o(.text)
    EXTI4_IRQHandler                         0x080001b7   Thumb Code     0  startup_stm32f407xx.o(.text)
    EXTI9_5_IRQHandler                       0x080001b7   Thumb Code     0  startup_stm32f407xx.o(.text)
    FLASH_IRQHandler                         0x080001b7   Thumb Code     0  startup_stm32f407xx.o(.text)
    FMC_IRQHandler                           0x080001b7   Thumb Code     0  startup_stm32f407xx.o(.text)
    FPU_IRQHandler                           0x080001b7   Thumb Code     0  startup_stm32f407xx.o(.text)
    HASH_RNG_IRQHandler                      0x080001b7   Thumb Code     0  startup_stm32f407xx.o(.text)
    I2C1_ER_IRQHandler                       0x080001b7   Thumb Code     0  startup_stm32f407xx.o(.text)
    I2C1_EV_IRQHandler                       0x080001b7   Thumb Code     0  startup_stm32f407xx.o(.text)
    I2C2_ER_IRQHandler                       0x080001b7   Thumb Code     0  startup_stm32f407xx.o(.text)
    I2C2_EV_IRQHandler                       0x080001b7   Thumb Code     0  startup_stm32f407xx.o(.text)
    I2C3_ER_IRQHandler                       0x080001b7   Thumb Code     0  startup_stm32f407xx.o(.text)
    I2C3_EV_IRQHandler                       0x080001b7   Thumb Code     0  startup_stm32f407xx.o(.text)
    OTG_FS_WKUP_IRQHandler                   0x080001b7   Thumb Code     0  startup_stm32f407xx.o(.text)
    OTG_HS_EP1_IN_IRQHandler                 0x080001b7   Thumb Code     0  startup_stm32f407xx.o(.text)
    OTG_HS_EP1_OUT_IRQHandler                0x080001b7   Thumb Code     0  startup_stm32f407xx.o(.text)
    OTG_HS_IRQHandler                        0x080001b7   Thumb Code     0  startup_stm32f407xx.o(.text)
    OTG_HS_WKUP_IRQHandler                   0x080001b7   Thumb Code     0  startup_stm32f407xx.o(.text)
    PVD_IRQHandler                           0x080001b7   Thumb Code     0  startup_stm32f407xx.o(.text)
    RCC_IRQHandler                           0x080001b7   Thumb Code     0  startup_stm32f407xx.o(.text)
    RTC_Alarm_IRQHandler                     0x080001b7   Thumb Code     0  startup_stm32f407xx.o(.text)
    RTC_WKUP_IRQHandler                      0x080001b7   Thumb Code     0  startup_stm32f407xx.o(.text)
    SPI1_IRQHandler                          0x080001b7   Thumb Code     0  startup_stm32f407xx.o(.text)
    SPI2_IRQHandler                          0x080001b7   Thumb Code     0  startup_stm32f407xx.o(.text)
    SPI3_IRQHandler                          0x080001b7   Thumb Code     0  startup_stm32f407xx.o(.text)
    TAMP_STAMP_IRQHandler                    0x080001b7   Thumb Code     0  startup_stm32f407xx.o(.text)
    TIM1_BRK_TIM9_IRQHandler                 0x080001b7   Thumb Code     0  startup_stm32f407xx.o(.text)
    TIM1_CC_IRQHandler                       0x080001b7   Thumb Code     0  startup_stm32f407xx.o(.text)
    TIM1_TRG_COM_TIM11_IRQHandler            0x080001b7   Thumb Code     0  startup_stm32f407xx.o(.text)
    TIM1_UP_TIM10_IRQHandler                 0x080001b7   Thumb Code     0  startup_stm32f407xx.o(.text)
    TIM2_IRQHandler                          0x080001b7   Thumb Code     0  startup_stm32f407xx.o(.text)
    TIM3_IRQHandler                          0x080001b7   Thumb Code     0  startup_stm32f407xx.o(.text)
    TIM4_IRQHandler                          0x080001b7   Thumb Code     0  startup_stm32f407xx.o(.text)
    TIM5_IRQHandler                          0x080001b7   Thumb Code     0  startup_stm32f407xx.o(.text)
    TIM6_DAC_IRQHandler                      0x080001b7   Thumb Code     0  startup_stm32f407xx.o(.text)
    TIM7_IRQHandler                          0x080001b7   Thumb Code     0  startup_stm32f407xx.o(.text)
    TIM8_BRK_TIM12_IRQHandler                0x080001b7   Thumb Code     0  startup_stm32f407xx.o(.text)
    TIM8_CC_IRQHandler                       0x080001b7   Thumb Code     0  startup_stm32f407xx.o(.text)
    TIM8_TRG_COM_TIM14_IRQHandler            0x080001b7   Thumb Code     0  startup_stm32f407xx.o(.text)
    TIM8_UP_TIM13_IRQHandler                 0x080001b7   Thumb Code     0  startup_stm32f407xx.o(.text)
    UART4_IRQHandler                         0x080001b7   Thumb Code     0  startup_stm32f407xx.o(.text)
    UART5_IRQHandler                         0x080001b7   Thumb Code     0  startup_stm32f407xx.o(.text)
    USART1_IRQHandler                        0x080001b7   Thumb Code     0  startup_stm32f407xx.o(.text)
    USART2_IRQHandler                        0x080001b7   Thumb Code     0  startup_stm32f407xx.o(.text)
    USART3_IRQHandler                        0x080001b7   Thumb Code     0  startup_stm32f407xx.o(.text)
    USART6_IRQHandler                        0x080001b7   Thumb Code     0  startup_stm32f407xx.o(.text)
    WWDG_IRQHandler                          0x080001b7   Thumb Code     0  startup_stm32f407xx.o(.text)
    __aeabi_memcpy                           0x080001c1   Thumb Code    36  memcpya.o(.text)
    __aeabi_memcpy4                          0x080001c1   Thumb Code     0  memcpya.o(.text)
    __aeabi_memcpy8                          0x080001c1   Thumb Code     0  memcpya.o(.text)
    __scatterload                            0x080001e5   Thumb Code    28  init.o(.text)
    __scatterload_rt2                        0x080001e5   Thumb Code     0  init.o(.text)
    BSP_PlatformIsDetected                   0x08000209   Thumb Code    22  fatfs_platform.o(i.BSP_PlatformIsDetected)
    BSP_SD_GetCardInfo                       0x08000225   Thumb Code     8  bsp_driver_sd.o(i.BSP_SD_GetCardInfo)
    BSP_SD_GetCardState                      0x08000231   Thumb Code    20  bsp_driver_sd.o(i.BSP_SD_GetCardState)
    BSP_SD_Init                              0x08000249   Thumb Code    42  bsp_driver_sd.o(i.BSP_SD_Init)
    BSP_SD_IsDetected                        0x08000279   Thumb Code    26  bsp_driver_sd.o(i.BSP_SD_IsDetected)
    BSP_SD_ReadBlocks                        0x08000295   Thumb Code    26  bsp_driver_sd.o(i.BSP_SD_ReadBlocks)
    BSP_SD_WriteBlocks                       0x080002b5   Thumb Code    26  bsp_driver_sd.o(i.BSP_SD_WriteBlocks)
    BusFault_Handler                         0x080002d5   Thumb Code     2  stm32f4xx_it.o(i.BusFault_Handler)
    DebugMon_Handler                         0x080002d7   Thumb Code     2  stm32f4xx_it.o(i.DebugMon_Handler)
    FATFS_LinkDriver                         0x080002d9   Thumb Code     6  ff_gen_drv.o(i.FATFS_LinkDriver)
    FATFS_LinkDriverEx                       0x080002e1   Thumb Code    60  ff_gen_drv.o(i.FATFS_LinkDriverEx)
    FSMC_NORSRAM_Extended_Timing_Init        0x08000321   Thumb Code    60  stm32f4xx_ll_fsmc.o(i.FSMC_NORSRAM_Extended_Timing_Init)
    FSMC_NORSRAM_Init                        0x08000361   Thumb Code    80  stm32f4xx_ll_fsmc.o(i.FSMC_NORSRAM_Init)
    FSMC_NORSRAM_Timing_Init                 0x080003b5   Thumb Code    64  stm32f4xx_ll_fsmc.o(i.FSMC_NORSRAM_Timing_Init)
    HAL_DMA_Abort_IT                         0x080003f9   Thumb Code    36  stm32f4xx_hal_dma.o(i.HAL_DMA_Abort_IT)
    HAL_Delay                                0x0800041d   Thumb Code    28  stm32f4xx_hal.o(i.HAL_Delay)
    HAL_GPIO_Init                            0x080004d5   Thumb Code   388  stm32f4xx_hal_gpio.o(i.HAL_GPIO_Init)
    HAL_GPIO_ReadPin                         0x08000685   Thumb Code    10  stm32f4xx_hal_gpio.o(i.HAL_GPIO_ReadPin)
    HAL_GPIO_WritePin                        0x0800068f   Thumb Code    10  stm32f4xx_hal_gpio.o(i.HAL_GPIO_WritePin)
    HAL_GetTick                              0x08000699   Thumb Code     6  stm32f4xx_hal.o(i.HAL_GetTick)
    HAL_IncTick                              0x080006a5   Thumb Code    10  stm32f4xx_hal.o(i.HAL_IncTick)
    HAL_Init                                 0x080006b5   Thumb Code    48  stm32f4xx_hal.o(i.HAL_Init)
    HAL_InitTick                             0x080006e9   Thumb Code    34  stm32f4xx_hal.o(i.HAL_InitTick)
    HAL_MspInit                              0x08000711   Thumb Code    88  stm32f4xx_hal_msp.o(i.HAL_MspInit)
    HAL_NVIC_EnableIRQ                       0x08000769   Thumb Code    22  stm32f4xx_hal_cortex.o(i.HAL_NVIC_EnableIRQ)
    HAL_NVIC_SetPriority                     0x08000781   Thumb Code    60  stm32f4xx_hal_cortex.o(i.HAL_NVIC_SetPriority)
    HAL_NVIC_SetPriorityGrouping             0x080007c1   Thumb Code    26  stm32f4xx_hal_cortex.o(i.HAL_NVIC_SetPriorityGrouping)
    HAL_PCDEx_SetRxFiFo                      0x080007e5   Thumb Code     8  stm32f4xx_hal_pcd_ex.o(i.HAL_PCDEx_SetRxFiFo)
    HAL_PCDEx_SetTxFiFo                      0x080007ed   Thumb Code    68  stm32f4xx_hal_pcd_ex.o(i.HAL_PCDEx_SetTxFiFo)
    HAL_PCD_ConnectCallback                  0x08000831   Thumb Code     8  usbd_conf.o(i.HAL_PCD_ConnectCallback)
    HAL_PCD_DataInStageCallback              0x08000839   Thumb Code    18  usbd_conf.o(i.HAL_PCD_DataInStageCallback)
    HAL_PCD_DataOutStageCallback             0x0800084b   Thumb Code    20  usbd_conf.o(i.HAL_PCD_DataOutStageCallback)
    HAL_PCD_DisconnectCallback               0x0800085f   Thumb Code     8  usbd_conf.o(i.HAL_PCD_DisconnectCallback)
    HAL_PCD_EP_Close                         0x08000867   Thumb Code    68  stm32f4xx_hal_pcd.o(i.HAL_PCD_EP_Close)
    HAL_PCD_EP_ClrStall                      0x080008ab   Thumb Code    80  stm32f4xx_hal_pcd.o(i.HAL_PCD_EP_ClrStall)
    HAL_PCD_EP_Flush                         0x080008fb   Thumb Code    52  stm32f4xx_hal_pcd.o(i.HAL_PCD_EP_Flush)
    HAL_PCD_EP_GetRxCount                    0x0800092f   Thumb Code    20  stm32f4xx_hal_pcd.o(i.HAL_PCD_EP_GetRxCount)
    HAL_PCD_EP_Open                          0x08000943   Thumb Code    84  stm32f4xx_hal_pcd.o(i.HAL_PCD_EP_Open)
    HAL_PCD_EP_Receive                       0x08000997   Thumb Code    72  stm32f4xx_hal_pcd.o(i.HAL_PCD_EP_Receive)
    HAL_PCD_EP_SetStall                      0x080009df   Thumb Code    96  stm32f4xx_hal_pcd.o(i.HAL_PCD_EP_SetStall)
    HAL_PCD_EP_Transmit                      0x08000a3f   Thumb Code    64  stm32f4xx_hal_pcd.o(i.HAL_PCD_EP_Transmit)
    HAL_PCD_IRQHandler                       0x08000a81   Thumb Code  1196  stm32f4xx_hal_pcd.o(i.HAL_PCD_IRQHandler)
    HAL_PCD_ISOINIncompleteCallback          0x08000f75   Thumb Code     8  usbd_conf.o(i.HAL_PCD_ISOINIncompleteCallback)
    HAL_PCD_ISOOUTIncompleteCallback         0x08000f7d   Thumb Code     8  usbd_conf.o(i.HAL_PCD_ISOOUTIncompleteCallback)
    HAL_PCD_Init                             0x08000f85   Thumb Code   190  stm32f4xx_hal_pcd.o(i.HAL_PCD_Init)
    HAL_PCD_MspInit                          0x08001045   Thumb Code    92  usbd_conf.o(i.HAL_PCD_MspInit)
    HAL_PCD_ResetCallback                    0x080010a9   Thumb Code    32  usbd_conf.o(i.HAL_PCD_ResetCallback)
    HAL_PCD_ResumeCallback                   0x080010c9   Thumb Code     8  usbd_conf.o(i.HAL_PCD_ResumeCallback)
    HAL_PCD_SOFCallback                      0x080010d1   Thumb Code     8  usbd_conf.o(i.HAL_PCD_SOFCallback)
    HAL_PCD_SetAddress                       0x080010d9   Thumb Code    36  stm32f4xx_hal_pcd.o(i.HAL_PCD_SetAddress)
    HAL_PCD_SetupStageCallback               0x080010fd   Thumb Code    14  usbd_conf.o(i.HAL_PCD_SetupStageCallback)
    HAL_PCD_Start                            0x0800110b   Thumb Code    42  stm32f4xx_hal_pcd.o(i.HAL_PCD_Start)
    HAL_PCD_SuspendCallback                  0x08001135   Thumb Code    44  usbd_conf.o(i.HAL_PCD_SuspendCallback)
    HAL_RCC_CSSCallback                      0x08001165   Thumb Code     2  stm32f4xx_hal_rcc.o(i.HAL_RCC_CSSCallback)
    HAL_RCC_ClockConfig                      0x08001169   Thumb Code   364  stm32f4xx_hal_rcc.o(i.HAL_RCC_ClockConfig)
    HAL_RCC_EnableCSS                        0x080012e5   Thumb Code     8  stm32f4xx_hal_rcc.o(i.HAL_RCC_EnableCSS)
    HAL_RCC_GetHCLKFreq                      0x080012f1   Thumb Code     6  stm32f4xx_hal_rcc.o(i.HAL_RCC_GetHCLKFreq)
    HAL_RCC_GetSysClockFreq                  0x080012fd   Thumb Code   104  stm32f4xx_hal_rcc.o(i.HAL_RCC_GetSysClockFreq)
    HAL_RCC_NMI_IRQHandler                   0x08001371   Thumb Code    24  stm32f4xx_hal_rcc.o(i.HAL_RCC_NMI_IRQHandler)
    HAL_RCC_OscConfig                        0x0800138d   Thumb Code   770  stm32f4xx_hal_rcc.o(i.HAL_RCC_OscConfig)
    HAL_SD_AbortCallback                     0x080016a1   Thumb Code     2  stm32f4xx_hal_sd.o(i.HAL_SD_AbortCallback)
    HAL_SD_ConfigWideBusOperation            0x080016a3   Thumb Code   120  stm32f4xx_hal_sd.o(i.HAL_SD_ConfigWideBusOperation)
    HAL_SD_ErrorCallback                     0x0800171b   Thumb Code     2  stm32f4xx_hal_sd.o(i.HAL_SD_ErrorCallback)
    HAL_SD_GetCardCSD                        0x0800171d   Thumb Code   474  stm32f4xx_hal_sd.o(i.HAL_SD_GetCardCSD)
    HAL_SD_GetCardInfo                       0x080018f7   Thumb Code    36  stm32f4xx_hal_sd.o(i.HAL_SD_GetCardInfo)
    HAL_SD_GetCardState                      0x0800191b   Thumb Code    44  stm32f4xx_hal_sd.o(i.HAL_SD_GetCardState)
    HAL_SD_IRQHandler                        0x08001949   Thumb Code   438  stm32f4xx_hal_sd.o(i.HAL_SD_IRQHandler)
    HAL_SD_Init                              0x08001b09   Thumb Code    54  stm32f4xx_hal_sd.o(i.HAL_SD_Init)
    HAL_SD_InitCard                          0x08001b41   Thumb Code    80  stm32f4xx_hal_sd.o(i.HAL_SD_InitCard)
    HAL_SD_MspInit                           0x08001b95   Thumb Code   100  stm32f4xx_hal_msp.o(i.HAL_SD_MspInit)
    HAL_SD_ReadBlocks                        0x08001c09   Thumb Code   434  stm32f4xx_hal_sd.o(i.HAL_SD_ReadBlocks)
    HAL_SD_RxCpltCallback                    0x08001dbb   Thumb Code     2  stm32f4xx_hal_sd.o(i.HAL_SD_RxCpltCallback)
    HAL_SD_TxCpltCallback                    0x08001dbd   Thumb Code     2  stm32f4xx_hal_sd.o(i.HAL_SD_TxCpltCallback)
    HAL_SD_WriteBlocks                       0x08001dc1   Thumb Code   410  stm32f4xx_hal_sd.o(i.HAL_SD_WriteBlocks)
    HAL_SPI_Init                             0x08001f5b   Thumb Code   128  stm32f4xx_hal_spi.o(i.HAL_SPI_Init)
    HAL_SPI_MspInit                          0x08001fdd   Thumb Code    82  stm32f4xx_hal_msp.o(i.HAL_SPI_MspInit)
    HAL_SRAM_Init                            0x08002041   Thumb Code    86  stm32f4xx_hal_sram.o(i.HAL_SRAM_Init)
    HAL_SRAM_MspInit                         0x08002097   Thumb Code     4  stm32f4xx_hal_msp.o(i.HAL_SRAM_MspInit)
    HAL_SYSTICK_CLKSourceConfig              0x0800209b   Thumb Code    24  stm32f4xx_hal_cortex.o(i.HAL_SYSTICK_CLKSourceConfig)
    HAL_SYSTICK_Callback                     0x080020b3   Thumb Code     2  stm32f4xx_hal_cortex.o(i.HAL_SYSTICK_Callback)
    HAL_SYSTICK_Config                       0x080020b5   Thumb Code    40  stm32f4xx_hal_cortex.o(i.HAL_SYSTICK_Config)
    HAL_SYSTICK_IRQHandler                   0x080020dd   Thumb Code     8  stm32f4xx_hal_cortex.o(i.HAL_SYSTICK_IRQHandler)
    HardFault_Handler                        0x080020e5   Thumb Code     2  stm32f4xx_it.o(i.HardFault_Handler)
    MSC_BOT_CplClrFeature                    0x080021f5   Thumb Code    42  usbd_msc_bot.o(i.MSC_BOT_CplClrFeature)
    MSC_BOT_DataIn                           0x0800221f   Thumb Code    58  usbd_msc_bot.o(i.MSC_BOT_DataIn)
    MSC_BOT_DataOut                          0x08002259   Thumb Code    58  usbd_msc_bot.o(i.MSC_BOT_DataOut)
    MSC_BOT_DeInit                           0x08002293   Thumb Code    10  usbd_msc_bot.o(i.MSC_BOT_DeInit)
    MSC_BOT_Init                             0x0800229d   Thumb Code    66  usbd_msc_bot.o(i.MSC_BOT_Init)
    MSC_BOT_Reset                            0x080022df   Thumb Code    22  usbd_msc_bot.o(i.MSC_BOT_Reset)
    MSC_BOT_SendCSW                          0x080022f5   Thumb Code    54  usbd_msc_bot.o(i.MSC_BOT_SendCSW)
    MX_FATFS_Init                            0x08002331   Thumb Code    18  fatfs.o(i.MX_FATFS_Init)
    MX_USB_DEVICE_Init                       0x08002601   Thumb Code    38  usb_device.o(i.MX_USB_DEVICE_Init)
    MemManage_Handler                        0x08002639   Thumb Code     2  stm32f4xx_it.o(i.MemManage_Handler)
    NMI_Handler                              0x0800263b   Thumb Code     4  stm32f4xx_it.o(i.NMI_Handler)
    OTG_FS_IRQHandler                        0x08002661   Thumb Code     6  stm32f4xx_it.o(i.OTG_FS_IRQHandler)
    PendSV_Handler                           0x080026f5   Thumb Code     2  stm32f4xx_it.o(i.PendSV_Handler)
    SCSI_ProcessCmd                          0x08002719   Thumb Code   448  usbd_msc_scsi.o(i.SCSI_ProcessCmd)
    SCSI_SenseCode                           0x08002b77   Thumb Code    54  usbd_msc_scsi.o(i.SCSI_SenseCode)
    SDIO_ConfigData                          0x08002c77   Thumb Code    36  stm32f4xx_ll_sdmmc.o(i.SDIO_ConfigData)
    SDIO_GetPowerState                       0x08002c9b   Thumb Code     8  stm32f4xx_ll_sdmmc.o(i.SDIO_GetPowerState)
    SDIO_GetResponse                         0x08002ca3   Thumb Code    12  stm32f4xx_ll_sdmmc.o(i.SDIO_GetResponse)
    SDIO_IRQHandler                          0x08002cb1   Thumb Code     6  stm32f4xx_it.o(i.SDIO_IRQHandler)
    SDIO_Init                                0x08002cbd   Thumb Code    36  stm32f4xx_ll_sdmmc.o(i.SDIO_Init)
    SDIO_PowerState_ON                       0x08002ce1   Thumb Code     8  stm32f4xx_ll_sdmmc.o(i.SDIO_PowerState_ON)
    SDIO_ReadFIFO                            0x08002ce9   Thumb Code     6  stm32f4xx_ll_sdmmc.o(i.SDIO_ReadFIFO)
    SDIO_SendCommand                         0x08002cef   Thumb Code    32  stm32f4xx_ll_sdmmc.o(i.SDIO_SendCommand)
    SDIO_WriteFIFO                           0x08002d0f   Thumb Code    10  stm32f4xx_ll_sdmmc.o(i.SDIO_WriteFIFO)
    SDMMC_CmdAppCommand                      0x08002d19   Thumb Code    50  stm32f4xx_ll_sdmmc.o(i.SDMMC_CmdAppCommand)
    SDMMC_CmdAppOperCommand                  0x08002d4d   Thumb Code    48  stm32f4xx_ll_sdmmc.o(i.SDMMC_CmdAppOperCommand)
    SDMMC_CmdBlockLength                     0x08002d81   Thumb Code    50  stm32f4xx_ll_sdmmc.o(i.SDMMC_CmdBlockLength)
    SDMMC_CmdBusWidth                        0x08002db3   Thumb Code    50  stm32f4xx_ll_sdmmc.o(i.SDMMC_CmdBusWidth)
    SDMMC_CmdGoIdleState                     0x08002de5   Thumb Code    76  stm32f4xx_ll_sdmmc.o(i.SDMMC_CmdGoIdleState)
    SDMMC_CmdOperCond                        0x08002e35   Thumb Code    98  stm32f4xx_ll_sdmmc.o(i.SDMMC_CmdOperCond)
    SDMMC_CmdReadMultiBlock                  0x08002e9d   Thumb Code    50  stm32f4xx_ll_sdmmc.o(i.SDMMC_CmdReadMultiBlock)
    SDMMC_CmdReadSingleBlock                 0x08002ecf   Thumb Code    50  stm32f4xx_ll_sdmmc.o(i.SDMMC_CmdReadSingleBlock)
    SDMMC_CmdSelDesel                        0x08002f01   Thumb Code    50  stm32f4xx_ll_sdmmc.o(i.SDMMC_CmdSelDesel)
    SDMMC_CmdSendCID                         0x08002f33   Thumb Code    44  stm32f4xx_ll_sdmmc.o(i.SDMMC_CmdSendCID)
    SDMMC_CmdSendCSD                         0x08002f5f   Thumb Code    44  stm32f4xx_ll_sdmmc.o(i.SDMMC_CmdSendCSD)
    SDMMC_CmdSendSCR                         0x08002f8b   Thumb Code    48  stm32f4xx_ll_sdmmc.o(i.SDMMC_CmdSendSCR)
    SDMMC_CmdSendStatus                      0x08002fbb   Thumb Code    50  stm32f4xx_ll_sdmmc.o(i.SDMMC_CmdSendStatus)
    SDMMC_CmdSetRelAdd                       0x08002fed   Thumb Code    48  stm32f4xx_ll_sdmmc.o(i.SDMMC_CmdSetRelAdd)
    SDMMC_CmdStopTransfer                    0x0800301d   Thumb Code    46  stm32f4xx_ll_sdmmc.o(i.SDMMC_CmdStopTransfer)
    SDMMC_CmdWriteMultiBlock                 0x08003051   Thumb Code    50  stm32f4xx_ll_sdmmc.o(i.SDMMC_CmdWriteMultiBlock)
    SDMMC_CmdWriteSingleBlock                0x08003083   Thumb Code    50  stm32f4xx_ll_sdmmc.o(i.SDMMC_CmdWriteSingleBlock)
    SD_initialize                            0x0800366d   Thumb Code    26  sd_diskio.o(i.SD_initialize)
    SD_ioctl                                 0x0800368d   Thumb Code    74  sd_diskio.o(i.SD_ioctl)
    SD_read                                  0x080036dd   Thumb Code    52  sd_diskio.o(i.SD_read)
    SD_status                                0x08003719   Thumb Code    26  sd_diskio.o(i.SD_status)
    SD_write                                 0x08003739   Thumb Code    52  sd_diskio.o(i.SD_write)
    SVC_Handler                              0x08003801   Thumb Code     2  stm32f4xx_it.o(i.SVC_Handler)
    SysTick_Handler                          0x08003803   Thumb Code    14  stm32f4xx_it.o(i.SysTick_Handler)
    SystemClock_Config                       0x08003811   Thumb Code   156  main.o(i.SystemClock_Config)
    SystemInit                               0x080038b5   Thumb Code    66  system_stm32f4xx.o(i.SystemInit)
    USBD_ClrClassConfig                      0x08003909   Thumb Code    14  usbd_core.o(i.USBD_ClrClassConfig)
    USBD_CtlContinueRx                       0x08003917   Thumb Code    16  usbd_ioreq.o(i.USBD_CtlContinueRx)
    USBD_CtlContinueSendData                 0x08003927   Thumb Code    16  usbd_ioreq.o(i.USBD_CtlContinueSendData)
    USBD_CtlError                            0x08003937   Thumb Code    22  usbd_ctlreq.o(i.USBD_CtlError)
    USBD_CtlReceiveStatus                    0x0800394d   Thumb Code    22  usbd_ioreq.o(i.USBD_CtlReceiveStatus)
    USBD_CtlSendData                         0x08003963   Thumb Code    26  usbd_ioreq.o(i.USBD_CtlSendData)
    USBD_CtlSendStatus                       0x0800397d   Thumb Code    22  usbd_ioreq.o(i.USBD_CtlSendStatus)
    USBD_FS_ConfigStrDescriptor              0x08003995   Thumb Code    16  usbd_desc.o(i.USBD_FS_ConfigStrDescriptor)
    USBD_FS_DeviceDescriptor                 0x080039b5   Thumb Code     8  usbd_desc.o(i.USBD_FS_DeviceDescriptor)
    USBD_FS_InterfaceStrDescriptor           0x080039c1   Thumb Code    16  usbd_desc.o(i.USBD_FS_InterfaceStrDescriptor)
    USBD_FS_LangIDStrDescriptor              0x080039e5   Thumb Code     8  usbd_desc.o(i.USBD_FS_LangIDStrDescriptor)
    USBD_FS_ManufacturerStrDescriptor        0x080039f1   Thumb Code    16  usbd_desc.o(i.USBD_FS_ManufacturerStrDescriptor)
    USBD_FS_ProductStrDescriptor             0x08003a19   Thumb Code    16  usbd_desc.o(i.USBD_FS_ProductStrDescriptor)
    USBD_FS_SerialStrDescriptor              0x08003a41   Thumb Code    16  usbd_desc.o(i.USBD_FS_SerialStrDescriptor)
    USBD_GetString                           0x08003b45   Thumb Code    70  usbd_ctlreq.o(i.USBD_GetString)
    USBD_Init                                0x08003b8b   Thumb Code    42  usbd_core.o(i.USBD_Init)
    USBD_LL_ClearStallEP                     0x08003bb5   Thumb Code    32  usbd_conf.o(i.USBD_LL_ClearStallEP)
    USBD_LL_CloseEP                          0x08003bd5   Thumb Code    32  usbd_conf.o(i.USBD_LL_CloseEP)
    USBD_LL_DataInStage                      0x08003bf5   Thumb Code   170  usbd_core.o(i.USBD_LL_DataInStage)
    USBD_LL_DataOutStage                     0x08003c9f   Thumb Code   106  usbd_core.o(i.USBD_LL_DataOutStage)
    USBD_LL_DevConnected                     0x08003d09   Thumb Code     4  usbd_core.o(i.USBD_LL_DevConnected)
    USBD_LL_DevDisconnected                  0x08003d0d   Thumb Code    22  usbd_core.o(i.USBD_LL_DevDisconnected)
    USBD_LL_FlushEP                          0x08003d23   Thumb Code    32  usbd_conf.o(i.USBD_LL_FlushEP)
    USBD_LL_GetRxDataSize                    0x08003d43   Thumb Code     8  usbd_conf.o(i.USBD_LL_GetRxDataSize)
    USBD_LL_Init                             0x08003d4d   Thumb Code    98  usbd_conf.o(i.USBD_LL_Init)
    USBD_LL_IsStallEP                        0x08003dc9   Thumb Code    32  usbd_conf.o(i.USBD_LL_IsStallEP)
    USBD_LL_IsoINIncomplete                  0x08003de9   Thumb Code     4  usbd_core.o(i.USBD_LL_IsoINIncomplete)
    USBD_LL_IsoOUTIncomplete                 0x08003ded   Thumb Code     4  usbd_core.o(i.USBD_LL_IsoOUTIncomplete)
    USBD_LL_OpenEP                           0x08003df1   Thumb Code    38  usbd_conf.o(i.USBD_LL_OpenEP)
    USBD_LL_PrepareReceive                   0x08003e17   Thumb Code    32  usbd_conf.o(i.USBD_LL_PrepareReceive)
    USBD_LL_Reset                            0x08003e37   Thumb Code    62  usbd_core.o(i.USBD_LL_Reset)
    USBD_LL_Resume                           0x08003e75   Thumb Code    12  usbd_core.o(i.USBD_LL_Resume)
    USBD_LL_SOF                              0x08003e81   Thumb Code    24  usbd_core.o(i.USBD_LL_SOF)
    USBD_LL_SetSpeed                         0x08003e99   Thumb Code     6  usbd_core.o(i.USBD_LL_SetSpeed)
    USBD_LL_SetUSBAddress                    0x08003e9f   Thumb Code    32  usbd_conf.o(i.USBD_LL_SetUSBAddress)
    USBD_LL_SetupStage                       0x08003ebf   Thumb Code    90  usbd_core.o(i.USBD_LL_SetupStage)
    USBD_LL_StallEP                          0x08003f19   Thumb Code    32  usbd_conf.o(i.USBD_LL_StallEP)
    USBD_LL_Start                            0x08003f39   Thumb Code    32  usbd_conf.o(i.USBD_LL_Start)
    USBD_LL_Suspend                          0x08003f59   Thumb Code    18  usbd_core.o(i.USBD_LL_Suspend)
    USBD_LL_Transmit                         0x08003f6b   Thumb Code    32  usbd_conf.o(i.USBD_LL_Transmit)
    USBD_MSC_DataIn                          0x08003f8b   Thumb Code    10  usbd_msc.o(i.USBD_MSC_DataIn)
    USBD_MSC_DataOut                         0x08003f95   Thumb Code    10  usbd_msc.o(i.USBD_MSC_DataOut)
    USBD_MSC_DeInit                          0x08003f9f   Thumb Code    44  usbd_msc.o(i.USBD_MSC_DeInit)
    USBD_MSC_GetDeviceQualifierDescriptor    0x08003fcd   Thumb Code     8  usbd_msc.o(i.USBD_MSC_GetDeviceQualifierDescriptor)
    USBD_MSC_GetFSCfgDesc                    0x08003fd9   Thumb Code     8  usbd_msc.o(i.USBD_MSC_GetFSCfgDesc)
    USBD_MSC_GetHSCfgDesc                    0x08003fe5   Thumb Code     8  usbd_msc.o(i.USBD_MSC_GetHSCfgDesc)
    USBD_MSC_GetOtherSpeedCfgDesc            0x08003ff1   Thumb Code     8  usbd_msc.o(i.USBD_MSC_GetOtherSpeedCfgDesc)
    USBD_MSC_Init                            0x08003ffd   Thumb Code    82  usbd_msc.o(i.USBD_MSC_Init)
    USBD_MSC_RegisterStorage                 0x0800404f   Thumb Code    10  usbd_msc.o(i.USBD_MSC_RegisterStorage)
    USBD_MSC_Setup                           0x08004059   Thumb Code   194  usbd_msc.o(i.USBD_MSC_Setup)
    USBD_ParseSetupRequest                   0x0800411b   Thumb Code    40  usbd_ctlreq.o(i.USBD_ParseSetupRequest)
    USBD_RegisterClass                       0x08004143   Thumb Code    16  usbd_core.o(i.USBD_RegisterClass)
    USBD_SetClassConfig                      0x08004153   Thumb Code    22  usbd_core.o(i.USBD_SetClassConfig)
    USBD_Start                               0x080041dd   Thumb Code    10  usbd_core.o(i.USBD_Start)
    USBD_StdDevReq                           0x080041e7   Thumb Code   242  usbd_ctlreq.o(i.USBD_StdDevReq)
    USBD_StdEPReq                            0x080042d9   Thumb Code   220  usbd_ctlreq.o(i.USBD_StdEPReq)
    USBD_StdItfReq                           0x080043b5   Thumb Code    52  usbd_ctlreq.o(i.USBD_StdItfReq)
    USB_ActivateEndpoint                     0x080043e9   Thumb Code   122  stm32f4xx_ll_usb.o(i.USB_ActivateEndpoint)
    USB_ActivateSetup                        0x08004469   Thumb Code    52  stm32f4xx_ll_usb.o(i.USB_ActivateSetup)
    USB_CoreInit                             0x0800449d   Thumb Code   104  stm32f4xx_ll_usb.o(i.USB_CoreInit)
    USB_DeactivateEndpoint                   0x08004541   Thumb Code   196  stm32f4xx_ll_usb.o(i.USB_DeactivateEndpoint)
    USB_DevConnect                           0x08004609   Thumb Code    24  stm32f4xx_ll_usb.o(i.USB_DevConnect)
    USB_DevDisconnect                        0x08004621   Thumb Code    24  stm32f4xx_ll_usb.o(i.USB_DevDisconnect)
    USB_DevInit                              0x08004639   Thumb Code   302  stm32f4xx_ll_usb.o(i.USB_DevInit)
    USB_DisableGlobalInt                     0x08004779   Thumb Code    12  stm32f4xx_ll_usb.o(i.USB_DisableGlobalInt)
    USB_EP0StartXfer                         0x08004785   Thumb Code   316  stm32f4xx_ll_usb.o(i.USB_EP0StartXfer)
    USB_EP0_OutStart                         0x080048c5   Thumb Code    62  stm32f4xx_ll_usb.o(i.USB_EP0_OutStart)
    USB_EPClearStall                         0x08004903   Thumb Code   100  stm32f4xx_ll_usb.o(i.USB_EPClearStall)
    USB_EPSetStall                           0x08004967   Thumb Code    94  stm32f4xx_ll_usb.o(i.USB_EPSetStall)
    USB_EPStartXfer                          0x080049c5   Thumb Code   534  stm32f4xx_ll_usb.o(i.USB_EPStartXfer)
    USB_EnableGlobalInt                      0x08004be1   Thumb Code    12  stm32f4xx_ll_usb.o(i.USB_EnableGlobalInt)
    USB_FlushRxFifo                          0x08004bed   Thumb Code    28  stm32f4xx_ll_usb.o(i.USB_FlushRxFifo)
    USB_FlushTxFifo                          0x08004c0d   Thumb Code    32  stm32f4xx_ll_usb.o(i.USB_FlushTxFifo)
    USB_GetDevSpeed                          0x08004c31   Thumb Code    60  stm32f4xx_ll_usb.o(i.USB_GetDevSpeed)
    USB_GetMode                              0x08004c6d   Thumb Code     8  stm32f4xx_ll_usb.o(i.USB_GetMode)
    USB_ReadDevAllInEpInterrupt              0x08004c75   Thumb Code    14  stm32f4xx_ll_usb.o(i.USB_ReadDevAllInEpInterrupt)
    USB_ReadDevAllOutEpInterrupt             0x08004c83   Thumb Code    14  stm32f4xx_ll_usb.o(i.USB_ReadDevAllOutEpInterrupt)
    USB_ReadDevInEPInterrupt                 0x08004c91   Thumb Code    30  stm32f4xx_ll_usb.o(i.USB_ReadDevInEPInterrupt)
    USB_ReadDevOutEPInterrupt                0x08004caf   Thumb Code    16  stm32f4xx_ll_usb.o(i.USB_ReadDevOutEPInterrupt)
    USB_ReadInterrupts                       0x08004cbf   Thumb Code     8  stm32f4xx_ll_usb.o(i.USB_ReadInterrupts)
    USB_ReadPacket                           0x08004cc7   Thumb Code    32  stm32f4xx_ll_usb.o(i.USB_ReadPacket)
    USB_SetCurrentMode                       0x08004ce7   Thumb Code    44  stm32f4xx_ll_usb.o(i.USB_SetCurrentMode)
    USB_SetDevAddress                        0x08004d13   Thumb Code    34  stm32f4xx_ll_usb.o(i.USB_SetDevAddress)
    USB_WritePacket                          0x08004d35   Thumb Code    40  stm32f4xx_ll_usb.o(i.USB_WritePacket)
    UsageFault_Handler                       0x08004d5d   Thumb Code     2  stm32f4xx_it.o(i.UsageFault_Handler)
    _Error_Handler                           0x08004d5f   Thumb Code     2  main.o(i._Error_Handler)
    __scatterload_copy                       0x08004d61   Thumb Code    14  handlers.o(i.__scatterload_copy)
    __scatterload_null                       0x08004d6f   Thumb Code     2  handlers.o(i.__scatterload_null)
    __scatterload_zeroinit                   0x08004d71   Thumb Code    14  handlers.o(i.__scatterload_zeroinit)
    free                                     0x08004d81   Thumb Code    76  malloc.o(i.free)
    main                                     0x08004dd1   Thumb Code    50  main.o(i.main)
    malloc                                   0x08004e0d   Thumb Code    92  malloc.o(i.malloc)
    MSC_Page00_Inquiry_Data                  0x08004e78   Data           7  usbd_msc_data.o(.constdata)
    MSC_Mode_Sense6_data                     0x08004e7f   Data           8  usbd_msc_data.o(.constdata)
    MSC_Mode_Sense10_data                    0x08004e87   Data           8  usbd_msc_data.o(.constdata)
    STORAGE_Inquirydata_FS                   0x08004e8f   Data          36  usbd_storage_if.o(.constdata)
    SD_Driver                                0x08004eb4   Data          20  sd_diskio.o(.constdata)
    AHBPrescTable                            0x08004ec8   Data          16  system_stm32f4xx.o(.constdata)
    Region$$Table$$Base                      0x08004ed8   Number         0  anon$$obj.o(Region$$Table)
    Region$$Table$$Limit                     0x08004ef8   Number         0  anon$$obj.o(Region$$Table)
    USBD_MSC                                 0x20000004   Data          56  usbd_msc.o(.data)
    USBD_MSC_CfgHSDesc                       0x2000003c   Data          32  usbd_msc.o(.data)
    USBD_MSC_CfgFSDesc                       0x2000005c   Data          32  usbd_msc.o(.data)
    USBD_MSC_OtherSpeedCfgDesc               0x2000007c   Data          32  usbd_msc.o(.data)
    USBD_MSC_DeviceQualifierDesc             0x2000009c   Data          10  usbd_msc.o(.data)
    uwTick                                   0x200000a8   Data           4  stm32f4xx_hal.o(.data)
    FS_Desc                                  0x200000ac   Data          28  usbd_desc.o(.data)
    USBD_LangIDDesc                          0x200000c8   Data           4  usbd_desc.o(.data)
    USBD_FS_DeviceDesc                       0x200000cc   Data          18  usbd_desc.o(.data)
    retSD                                    0x200000de   Data           1  fatfs.o(.data)
    SDPath                                   0x200000df   Data           4  fatfs.o(.data)
    USBD_Storage_Interface_fops_FS           0x200000ec   Data          32  usbd_storage_if.o(.data)
    SystemCoreClock                          0x20000110   Data           4  system_stm32f4xx.o(.data)
    __microlib_freelist                      0x20000114   Data           4  mvars.o(.data)
    __microlib_freelist_initialised          0x20000118   Data           4  mvars.o(.data)
    USBD_StrDesc                             0x2000011c   Data         512  usbd_desc.o(.bss)
    hUsbDeviceFS                             0x2000031c   Data         548  usb_device.o(.bss)
    hpcd_USB_OTG_FS                          0x20000540   Data        1008  usbd_conf.o(.bss)
    hsd                                      0x20000930   Data         132  main.o(.bss)
    hspi2                                    0x200009b4   Data          88  main.o(.bss)
    hsram1                                   0x20000a0c   Data          80  main.o(.bss)
    disk                                     0x20000a5c   Data          12  ff_gen_drv.o(.bss)
    __heap_base                              0x20000a68   Data           0  startup_stm32f407xx.o(HEAP)
    __heap_limit                             0x20004a68   Data           0  startup_stm32f407xx.o(HEAP)
    __initial_sp                             0x20006a68   Data           0  startup_stm32f407xx.o(STACK)
    msc_data                                 0x60000000   Data       524288  usbd_storage_if.o(.ARM.__AT_0x60000000)



==============================================================================

Memory Map of the image

  Image Entry point : 0x08000189

  Load Region LR_IROM1 (Base: 0x08000000, Size: 0x00005014, Max: 0x00080000, ABSOLUTE)

    Execution Region ER_IROM1 (Base: 0x08000000, Size: 0x00004ef8, Max: 0x00080000, ABSOLUTE)

    Base Addr    Size         Type   Attr      Idx    E Section Name        Object

    0x08000000   0x00000188   Data   RO         4721    RESET               startup_stm32f407xx.o
    0x08000188   0x00000000   Code   RO         4764  * .ARM.Collect$$$$00000000  mc_w.l(entry.o)
    0x08000188   0x00000004   Code   RO         4799    .ARM.Collect$$$$00000001  mc_w.l(entry2.o)
    0x0800018c   0x00000004   Code   RO         4802    .ARM.Collect$$$$00000004  mc_w.l(entry5.o)
    0x08000190   0x00000000   Code   RO         4804    .ARM.Collect$$$$00000008  mc_w.l(entry7b.o)
    0x08000190   0x00000000   Code   RO         4806    .ARM.Collect$$$$0000000A  mc_w.l(entry8b.o)
    0x08000190   0x00000008   Code   RO         4807    .ARM.Collect$$$$0000000B  mc_w.l(entry9a.o)
    0x08000198   0x00000000   Code   RO         4809    .ARM.Collect$$$$0000000D  mc_w.l(entry10a.o)
    0x08000198   0x00000000   Code   RO         4811    .ARM.Collect$$$$0000000F  mc_w.l(entry11a.o)
    0x08000198   0x00000004   Code   RO         4800    .ARM.Collect$$$$00002712  mc_w.l(entry2.o)
    0x0800019c   0x00000024   Code   RO         4722    .text               startup_stm32f407xx.o
    0x080001c0   0x00000024   Code   RO         4767    .text               mc_w.l(memcpya.o)
    0x080001e4   0x00000024   Code   RO         4815    .text               mc_w.l(init.o)
    0x08000208   0x0000001c   Code   RO         3369    i.BSP_PlatformIsDetected  fatfs_platform.o
    0x08000224   0x0000000c   Code   RO         3401    i.BSP_SD_GetCardInfo  bsp_driver_sd.o
    0x08000230   0x00000018   Code   RO         3402    i.BSP_SD_GetCardState  bsp_driver_sd.o
    0x08000248   0x00000030   Code   RO         3405    i.BSP_SD_Init       bsp_driver_sd.o
    0x08000278   0x0000001a   Code   RO         3406    i.BSP_SD_IsDetected  bsp_driver_sd.o
    0x08000292   0x00000002   PAD
    0x08000294   0x00000020   Code   RO         3407    i.BSP_SD_ReadBlocks  bsp_driver_sd.o
    0x080002b4   0x00000020   Code   RO         3409    i.BSP_SD_WriteBlocks  bsp_driver_sd.o
    0x080002d4   0x00000002   Code   RO         3858    i.BusFault_Handler  stm32f4xx_it.o
    0x080002d6   0x00000002   Code   RO         3859    i.DebugMon_Handler  stm32f4xx_it.o
    0x080002d8   0x00000006   Code   RO         4155    i.FATFS_LinkDriver  ff_gen_drv.o
    0x080002de   0x00000002   PAD
    0x080002e0   0x00000040   Code   RO         4156    i.FATFS_LinkDriverEx  ff_gen_drv.o
    0x08000320   0x00000040   Code   RO          829    i.FSMC_NORSRAM_Extended_Timing_Init  stm32f4xx_ll_fsmc.o
    0x08000360   0x00000054   Code   RO          830    i.FSMC_NORSRAM_Init  stm32f4xx_ll_fsmc.o
    0x080003b4   0x00000044   Code   RO          831    i.FSMC_NORSRAM_Timing_Init  stm32f4xx_ll_fsmc.o
    0x080003f8   0x00000024   Code   RO         1858    i.HAL_DMA_Abort_IT  stm32f4xx_hal_dma.o
    0x0800041c   0x0000001c   Code   RO         1294    i.HAL_Delay         stm32f4xx_hal.o
    0x08000438   0x0000009c   Code   RO         3602    i.HAL_FSMC_MspInit  stm32f4xx_hal_msp.o
    0x080004d4   0x000001b0   Code   RO         2399    i.HAL_GPIO_Init     stm32f4xx_hal_gpio.o
    0x08000684   0x0000000a   Code   RO         2401    i.HAL_GPIO_ReadPin  stm32f4xx_hal_gpio.o
    0x0800068e   0x0000000a   Code   RO         2403    i.HAL_GPIO_WritePin  stm32f4xx_hal_gpio.o
    0x08000698   0x0000000c   Code   RO         1300    i.HAL_GetTick       stm32f4xx_hal.o
    0x080006a4   0x00000010   Code   RO         1302    i.HAL_IncTick       stm32f4xx_hal.o
    0x080006b4   0x00000034   Code   RO         1303    i.HAL_Init          stm32f4xx_hal.o
    0x080006e8   0x00000028   Code   RO         1304    i.HAL_InitTick      stm32f4xx_hal.o
    0x08000710   0x00000058   Code   RO         3603    i.HAL_MspInit       stm32f4xx_hal_msp.o
    0x08000768   0x00000016   Code   RO         2248    i.HAL_NVIC_EnableIRQ  stm32f4xx_hal_cortex.o
    0x0800077e   0x00000002   PAD
    0x08000780   0x00000040   Code   RO         2254    i.HAL_NVIC_SetPriority  stm32f4xx_hal_cortex.o
    0x080007c0   0x00000024   Code   RO         2255    i.HAL_NVIC_SetPriorityGrouping  stm32f4xx_hal_cortex.o
    0x080007e4   0x00000008   Code   RO         1824    i.HAL_PCDEx_SetRxFiFo  stm32f4xx_hal_pcd_ex.o
    0x080007ec   0x00000044   Code   RO         1825    i.HAL_PCDEx_SetTxFiFo  stm32f4xx_hal_pcd_ex.o
    0x08000830   0x00000008   Code   RO         3669    i.HAL_PCD_ConnectCallback  usbd_conf.o
    0x08000838   0x00000012   Code   RO         3670    i.HAL_PCD_DataInStageCallback  usbd_conf.o
    0x0800084a   0x00000014   Code   RO         3671    i.HAL_PCD_DataOutStageCallback  usbd_conf.o
    0x0800085e   0x00000008   Code   RO         3672    i.HAL_PCD_DisconnectCallback  usbd_conf.o
    0x08000866   0x00000044   Code   RO         2525    i.HAL_PCD_EP_Close  stm32f4xx_hal_pcd.o
    0x080008aa   0x00000050   Code   RO         2526    i.HAL_PCD_EP_ClrStall  stm32f4xx_hal_pcd.o
    0x080008fa   0x00000034   Code   RO         2527    i.HAL_PCD_EP_Flush  stm32f4xx_hal_pcd.o
    0x0800092e   0x00000014   Code   RO         2528    i.HAL_PCD_EP_GetRxCount  stm32f4xx_hal_pcd.o
    0x08000942   0x00000054   Code   RO         2529    i.HAL_PCD_EP_Open   stm32f4xx_hal_pcd.o
    0x08000996   0x00000048   Code   RO         2530    i.HAL_PCD_EP_Receive  stm32f4xx_hal_pcd.o
    0x080009de   0x00000060   Code   RO         2531    i.HAL_PCD_EP_SetStall  stm32f4xx_hal_pcd.o
    0x08000a3e   0x00000040   Code   RO         2532    i.HAL_PCD_EP_Transmit  stm32f4xx_hal_pcd.o
    0x08000a7e   0x00000002   PAD
    0x08000a80   0x000004f4   Code   RO         2534    i.HAL_PCD_IRQHandler  stm32f4xx_hal_pcd.o
    0x08000f74   0x00000008   Code   RO         3673    i.HAL_PCD_ISOINIncompleteCallback  usbd_conf.o
    0x08000f7c   0x00000008   Code   RO         3674    i.HAL_PCD_ISOOUTIncompleteCallback  usbd_conf.o
    0x08000f84   0x000000be   Code   RO         2537    i.HAL_PCD_Init      stm32f4xx_hal_pcd.o
    0x08001042   0x00000002   PAD
    0x08001044   0x00000064   Code   RO         3676    i.HAL_PCD_MspInit   usbd_conf.o
    0x080010a8   0x00000020   Code   RO         3677    i.HAL_PCD_ResetCallback  usbd_conf.o
    0x080010c8   0x00000008   Code   RO         3678    i.HAL_PCD_ResumeCallback  usbd_conf.o
    0x080010d0   0x00000008   Code   RO         3679    i.HAL_PCD_SOFCallback  usbd_conf.o
    0x080010d8   0x00000024   Code   RO         2543    i.HAL_PCD_SetAddress  stm32f4xx_hal_pcd.o
    0x080010fc   0x0000000e   Code   RO         3680    i.HAL_PCD_SetupStageCallback  usbd_conf.o
    0x0800110a   0x0000002a   Code   RO         2545    i.HAL_PCD_Start     stm32f4xx_hal_pcd.o
    0x08001134   0x00000030   Code   RO         3681    i.HAL_PCD_SuspendCallback  usbd_conf.o
    0x08001164   0x00000002   Code   RO         1185    i.HAL_RCC_CSSCallback  stm32f4xx_hal_rcc.o
    0x08001166   0x00000002   PAD
    0x08001168   0x0000017c   Code   RO         1186    i.HAL_RCC_ClockConfig  stm32f4xx_hal_rcc.o
    0x080012e4   0x0000000c   Code   RO         1189    i.HAL_RCC_EnableCSS  stm32f4xx_hal_rcc.o
    0x080012f0   0x0000000c   Code   RO         1191    i.HAL_RCC_GetHCLKFreq  stm32f4xx_hal_rcc.o
    0x080012fc   0x00000074   Code   RO         1195    i.HAL_RCC_GetSysClockFreq  stm32f4xx_hal_rcc.o
    0x08001370   0x0000001c   Code   RO         1197    i.HAL_RCC_NMI_IRQHandler  stm32f4xx_hal_rcc.o
    0x0800138c   0x00000314   Code   RO         1198    i.HAL_RCC_OscConfig  stm32f4xx_hal_rcc.o
    0x080016a0   0x00000002   Code   RO         2732    i.HAL_SD_AbortCallback  stm32f4xx_hal_sd.o
    0x080016a2   0x00000078   Code   RO         2734    i.HAL_SD_ConfigWideBusOperation  stm32f4xx_hal_sd.o
    0x0800171a   0x00000002   Code   RO         2737    i.HAL_SD_ErrorCallback  stm32f4xx_hal_sd.o
    0x0800171c   0x000001da   Code   RO         2739    i.HAL_SD_GetCardCSD  stm32f4xx_hal_sd.o
    0x080018f6   0x00000024   Code   RO         2740    i.HAL_SD_GetCardInfo  stm32f4xx_hal_sd.o
    0x0800191a   0x0000002c   Code   RO         2741    i.HAL_SD_GetCardState  stm32f4xx_hal_sd.o
    0x08001946   0x00000002   PAD
    0x08001948   0x000001c0   Code   RO         2745    i.HAL_SD_IRQHandler  stm32f4xx_hal_sd.o
    0x08001b08   0x00000036   Code   RO         2746    i.HAL_SD_Init       stm32f4xx_hal_sd.o
    0x08001b3e   0x00000002   PAD
    0x08001b40   0x00000054   Code   RO         2747    i.HAL_SD_InitCard   stm32f4xx_hal_sd.o
    0x08001b94   0x00000074   Code   RO         3605    i.HAL_SD_MspInit    stm32f4xx_hal_msp.o
    0x08001c08   0x000001b2   Code   RO         2750    i.HAL_SD_ReadBlocks  stm32f4xx_hal_sd.o
    0x08001dba   0x00000002   Code   RO         2753    i.HAL_SD_RxCpltCallback  stm32f4xx_hal_sd.o
    0x08001dbc   0x00000002   Code   RO         2754    i.HAL_SD_TxCpltCallback  stm32f4xx_hal_sd.o
    0x08001dbe   0x00000002   PAD
    0x08001dc0   0x0000019a   Code   RO         2755    i.HAL_SD_WriteBlocks  stm32f4xx_hal_sd.o
    0x08001f5a   0x00000080   Code   RO         2995    i.HAL_SPI_Init      stm32f4xx_hal_spi.o
    0x08001fda   0x00000002   PAD
    0x08001fdc   0x00000064   Code   RO         3607    i.HAL_SPI_MspInit   stm32f4xx_hal_msp.o
    0x08002040   0x00000056   Code   RO          705    i.HAL_SRAM_Init     stm32f4xx_hal_sram.o
    0x08002096   0x00000004   Code   RO         3609    i.HAL_SRAM_MspInit  stm32f4xx_hal_msp.o
    0x0800209a   0x00000018   Code   RO         2257    i.HAL_SYSTICK_CLKSourceConfig  stm32f4xx_hal_cortex.o
    0x080020b2   0x00000002   Code   RO         2258    i.HAL_SYSTICK_Callback  stm32f4xx_hal_cortex.o
    0x080020b4   0x00000028   Code   RO         2259    i.HAL_SYSTICK_Config  stm32f4xx_hal_cortex.o
    0x080020dc   0x00000008   Code   RO         2260    i.HAL_SYSTICK_IRQHandler  stm32f4xx_hal_cortex.o
    0x080020e4   0x00000002   Code   RO         3860    i.HardFault_Handler  stm32f4xx_it.o
    0x080020e6   0x00000042   Code   RO          201    i.MSC_BOT_Abort     usbd_msc_bot.o
    0x08002128   0x000000cc   Code   RO          202    i.MSC_BOT_CBW_Decode  usbd_msc_bot.o
    0x080021f4   0x0000002a   Code   RO          203    i.MSC_BOT_CplClrFeature  usbd_msc_bot.o
    0x0800221e   0x0000003a   Code   RO          204    i.MSC_BOT_DataIn    usbd_msc_bot.o
    0x08002258   0x0000003a   Code   RO          205    i.MSC_BOT_DataOut   usbd_msc_bot.o
    0x08002292   0x0000000a   Code   RO          206    i.MSC_BOT_DeInit    usbd_msc_bot.o
    0x0800229c   0x00000042   Code   RO          207    i.MSC_BOT_Init      usbd_msc_bot.o
    0x080022de   0x00000016   Code   RO          208    i.MSC_BOT_Reset     usbd_msc_bot.o
    0x080022f4   0x0000003c   Code   RO          209    i.MSC_BOT_SendCSW   usbd_msc_bot.o
    0x08002330   0x0000001c   Code   RO         3507    i.MX_FATFS_Init     fatfs.o
    0x0800234c   0x00000064   Code   RO         3946    i.MX_FSMC_Init      main.o
    0x080023b0   0x0000020c   Code   RO         3947    i.MX_GPIO_Init      main.o
    0x080025bc   0x00000044   Code   RO         3948    i.MX_SPI2_Init      main.o
    0x08002600   0x00000038   Code   RO         3564    i.MX_USB_DEVICE_Init  usb_device.o
    0x08002638   0x00000002   Code   RO         3861    i.MemManage_Handler  stm32f4xx_it.o
    0x0800263a   0x00000004   Code   RO         3862    i.NMI_Handler       stm32f4xx_it.o
    0x0800263e   0x00000020   Code   RO         2261    i.NVIC_SetPriority  stm32f4xx_hal_cortex.o
    0x0800265e   0x00000002   PAD
    0x08002660   0x0000000c   Code   RO         3863    i.OTG_FS_IRQHandler  stm32f4xx_it.o
    0x0800266c   0x00000088   Code   RO         2548    i.PCD_WriteEmptyTxFifo  stm32f4xx_hal_pcd.o
    0x080026f4   0x00000002   Code   RO         3864    i.PendSV_Handler    stm32f4xx_it.o
    0x080026f6   0x00000022   Code   RO          367    i.SCSI_CheckAddressRange  usbd_msc_scsi.o
    0x08002718   0x000001cc   Code   RO          368    i.SCSI_ProcessCmd   usbd_msc_scsi.o
    0x080028e4   0x0000008c   Code   RO          369    i.SCSI_ProcessRead  usbd_msc_scsi.o
    0x08002970   0x00000098   Code   RO          370    i.SCSI_ProcessWrite  usbd_msc_scsi.o
    0x08002a08   0x000000aa   Code   RO          371    i.SCSI_Read10       usbd_msc_scsi.o
    0x08002ab2   0x00000056   Code   RO          372    i.SCSI_ReadCapacity10  usbd_msc_scsi.o
    0x08002b08   0x0000006e   Code   RO          373    i.SCSI_ReadFormatCapacity  usbd_msc_scsi.o
    0x08002b76   0x00000036   Code   RO          374    i.SCSI_SenseCode    usbd_msc_scsi.o
    0x08002bac   0x000000ca   Code   RO          375    i.SCSI_Write10      usbd_msc_scsi.o
    0x08002c76   0x00000024   Code   RO         1440    i.SDIO_ConfigData   stm32f4xx_ll_sdmmc.o
    0x08002c9a   0x00000008   Code   RO         1444    i.SDIO_GetPowerState  stm32f4xx_ll_sdmmc.o
    0x08002ca2   0x0000000c   Code   RO         1445    i.SDIO_GetResponse  stm32f4xx_ll_sdmmc.o
    0x08002cae   0x00000002   PAD
    0x08002cb0   0x0000000c   Code   RO         3865    i.SDIO_IRQHandler   stm32f4xx_it.o
    0x08002cbc   0x00000024   Code   RO         1446    i.SDIO_Init         stm32f4xx_ll_sdmmc.o
    0x08002ce0   0x00000008   Code   RO         1448    i.SDIO_PowerState_ON  stm32f4xx_ll_sdmmc.o
    0x08002ce8   0x00000006   Code   RO         1449    i.SDIO_ReadFIFO     stm32f4xx_ll_sdmmc.o
    0x08002cee   0x00000020   Code   RO         1450    i.SDIO_SendCommand  stm32f4xx_ll_sdmmc.o
    0x08002d0e   0x0000000a   Code   RO         1452    i.SDIO_WriteFIFO    stm32f4xx_ll_sdmmc.o
    0x08002d18   0x00000032   Code   RO         1453    i.SDMMC_CmdAppCommand  stm32f4xx_ll_sdmmc.o
    0x08002d4a   0x00000002   PAD
    0x08002d4c   0x00000034   Code   RO         1454    i.SDMMC_CmdAppOperCommand  stm32f4xx_ll_sdmmc.o
    0x08002d80   0x00000032   Code   RO         1455    i.SDMMC_CmdBlockLength  stm32f4xx_ll_sdmmc.o
    0x08002db2   0x00000032   Code   RO         1456    i.SDMMC_CmdBusWidth  stm32f4xx_ll_sdmmc.o
    0x08002de4   0x00000050   Code   RO         1460    i.SDMMC_CmdGoIdleState  stm32f4xx_ll_sdmmc.o
    0x08002e34   0x00000068   Code   RO         1462    i.SDMMC_CmdOperCond  stm32f4xx_ll_sdmmc.o
    0x08002e9c   0x00000032   Code   RO         1463    i.SDMMC_CmdReadMultiBlock  stm32f4xx_ll_sdmmc.o
    0x08002ece   0x00000032   Code   RO         1464    i.SDMMC_CmdReadSingleBlock  stm32f4xx_ll_sdmmc.o
    0x08002f00   0x00000032   Code   RO         1467    i.SDMMC_CmdSelDesel  stm32f4xx_ll_sdmmc.o
    0x08002f32   0x0000002c   Code   RO         1468    i.SDMMC_CmdSendCID  stm32f4xx_ll_sdmmc.o
    0x08002f5e   0x0000002c   Code   RO         1469    i.SDMMC_CmdSendCSD  stm32f4xx_ll_sdmmc.o
    0x08002f8a   0x00000030   Code   RO         1470    i.SDMMC_CmdSendSCR  stm32f4xx_ll_sdmmc.o
    0x08002fba   0x00000032   Code   RO         1471    i.SDMMC_CmdSendStatus  stm32f4xx_ll_sdmmc.o
    0x08002fec   0x00000030   Code   RO         1472    i.SDMMC_CmdSetRelAdd  stm32f4xx_ll_sdmmc.o
    0x0800301c   0x00000034   Code   RO         1474    i.SDMMC_CmdStopTransfer  stm32f4xx_ll_sdmmc.o
    0x08003050   0x00000032   Code   RO         1476    i.SDMMC_CmdWriteMultiBlock  stm32f4xx_ll_sdmmc.o
    0x08003082   0x00000032   Code   RO         1477    i.SDMMC_CmdWriteSingleBlock  stm32f4xx_ll_sdmmc.o
    0x080030b4   0x0000011c   Code   RO         1478    i.SDMMC_GetCmdResp1  stm32f4xx_ll_sdmmc.o
    0x080031d0   0x00000050   Code   RO         1479    i.SDMMC_GetCmdResp2  stm32f4xx_ll_sdmmc.o
    0x08003220   0x00000040   Code   RO         1480    i.SDMMC_GetCmdResp3  stm32f4xx_ll_sdmmc.o
    0x08003260   0x00000084   Code   RO         1481    i.SDMMC_GetCmdResp6  stm32f4xx_ll_sdmmc.o
    0x080032e4   0x00000048   Code   RO         2760    i.SD_DMARxAbort     stm32f4xx_hal_sd.o
    0x0800332c   0x00000048   Code   RO         2762    i.SD_DMATxAbort     stm32f4xx_hal_sd.o
    0x08003374   0x000000d4   Code   RO         2763    i.SD_FindSCR        stm32f4xx_hal_sd.o
    0x08003448   0x000000e6   Code   RO         2764    i.SD_InitCard       stm32f4xx_hal_sd.o
    0x0800352e   0x000000a2   Code   RO         2765    i.SD_PowerON        stm32f4xx_hal_sd.o
    0x080035d0   0x0000004e   Code   RO         2767    i.SD_WideBus_Disable  stm32f4xx_hal_sd.o
    0x0800361e   0x0000004e   Code   RO         2768    i.SD_WideBus_Enable  stm32f4xx_hal_sd.o
    0x0800366c   0x00000020   Code   RO         4236    i.SD_initialize     sd_diskio.o
    0x0800368c   0x00000050   Code   RO         4237    i.SD_ioctl          sd_diskio.o
    0x080036dc   0x0000003c   Code   RO         4238    i.SD_read           sd_diskio.o
    0x08003718   0x00000020   Code   RO         4239    i.SD_status         sd_diskio.o
    0x08003738   0x0000003c   Code   RO         4240    i.SD_write          sd_diskio.o
    0x08003774   0x0000000e   Code   RO         4008    i.STORAGE_GetCapacity_FS  usbd_storage_if.o
    0x08003782   0x00000004   Code   RO         4009    i.STORAGE_GetMaxLun_FS  usbd_storage_if.o
    0x08003786   0x00000004   Code   RO         4010    i.STORAGE_Init_FS   usbd_storage_if.o
    0x0800378a   0x00000004   Code   RO         4011    i.STORAGE_IsReady_FS  usbd_storage_if.o
    0x0800378e   0x00000004   Code   RO         4012    i.STORAGE_IsWriteProtected_FS  usbd_storage_if.o
    0x08003792   0x00000002   PAD
    0x08003794   0x00000034   Code   RO         4013    i.STORAGE_Read_FS   usbd_storage_if.o
    0x080037c8   0x00000038   Code   RO         4014    i.STORAGE_Write_FS  usbd_storage_if.o
    0x08003800   0x00000002   Code   RO         3866    i.SVC_Handler       stm32f4xx_it.o
    0x08003802   0x0000000e   Code   RO         3867    i.SysTick_Handler   stm32f4xx_it.o
    0x08003810   0x000000a4   Code   RO         3949    i.SystemClock_Config  main.o
    0x080038b4   0x00000054   Code   RO         4730    i.SystemInit        system_stm32f4xx.o
    0x08003908   0x0000000e   Code   RO          436    i.USBD_ClrClassConfig  usbd_core.o
    0x08003916   0x00000010   Code   RO          600    i.USBD_CtlContinueRx  usbd_ioreq.o
    0x08003926   0x00000010   Code   RO          601    i.USBD_CtlContinueSendData  usbd_ioreq.o
    0x08003936   0x00000016   Code   RO            4    i.USBD_CtlError     usbd_ctlreq.o
    0x0800394c   0x00000016   Code   RO          603    i.USBD_CtlReceiveStatus  usbd_ioreq.o
    0x08003962   0x0000001a   Code   RO          604    i.USBD_CtlSendData  usbd_ioreq.o
    0x0800397c   0x00000016   Code   RO          605    i.USBD_CtlSendStatus  usbd_ioreq.o
    0x08003992   0x00000002   PAD
    0x08003994   0x00000020   Code   RO         3301    i.USBD_FS_ConfigStrDescriptor  usbd_desc.o
    0x080039b4   0x0000000c   Code   RO         3302    i.USBD_FS_DeviceDescriptor  usbd_desc.o
    0x080039c0   0x00000024   Code   RO         3303    i.USBD_FS_InterfaceStrDescriptor  usbd_desc.o
    0x080039e4   0x0000000c   Code   RO         3304    i.USBD_FS_LangIDStrDescriptor  usbd_desc.o
    0x080039f0   0x00000028   Code   RO         3305    i.USBD_FS_ManufacturerStrDescriptor  usbd_desc.o
    0x08003a18   0x00000028   Code   RO         3306    i.USBD_FS_ProductStrDescriptor  usbd_desc.o
    0x08003a40   0x00000024   Code   RO         3307    i.USBD_FS_SerialStrDescriptor  usbd_desc.o
    0x08003a64   0x000000e0   Code   RO            5    i.USBD_GetDescriptor  usbd_ctlreq.o
    0x08003b44   0x00000046   Code   RO            6    i.USBD_GetString    usbd_ctlreq.o
    0x08003b8a   0x0000002a   Code   RO          438    i.USBD_Init         usbd_core.o
    0x08003bb4   0x00000020   Code   RO         3682    i.USBD_LL_ClearStallEP  usbd_conf.o
    0x08003bd4   0x00000020   Code   RO         3683    i.USBD_LL_CloseEP   usbd_conf.o
    0x08003bf4   0x000000aa   Code   RO          439    i.USBD_LL_DataInStage  usbd_core.o
    0x08003c9e   0x0000006a   Code   RO          440    i.USBD_LL_DataOutStage  usbd_core.o
    0x08003d08   0x00000004   Code   RO          441    i.USBD_LL_DevConnected  usbd_core.o
    0x08003d0c   0x00000016   Code   RO          442    i.USBD_LL_DevDisconnected  usbd_core.o
    0x08003d22   0x00000020   Code   RO         3686    i.USBD_LL_FlushEP   usbd_conf.o
    0x08003d42   0x00000008   Code   RO         3687    i.USBD_LL_GetRxDataSize  usbd_conf.o
    0x08003d4a   0x00000002   PAD
    0x08003d4c   0x0000007c   Code   RO         3688    i.USBD_LL_Init      usbd_conf.o
    0x08003dc8   0x00000020   Code   RO         3689    i.USBD_LL_IsStallEP  usbd_conf.o
    0x08003de8   0x00000004   Code   RO          443    i.USBD_LL_IsoINIncomplete  usbd_core.o
    0x08003dec   0x00000004   Code   RO          444    i.USBD_LL_IsoOUTIncomplete  usbd_core.o
    0x08003df0   0x00000026   Code   RO         3690    i.USBD_LL_OpenEP    usbd_conf.o
    0x08003e16   0x00000020   Code   RO         3691    i.USBD_LL_PrepareReceive  usbd_conf.o
    0x08003e36   0x0000003e   Code   RO          445    i.USBD_LL_Reset     usbd_core.o
    0x08003e74   0x0000000c   Code   RO          446    i.USBD_LL_Resume    usbd_core.o
    0x08003e80   0x00000018   Code   RO          447    i.USBD_LL_SOF       usbd_core.o
    0x08003e98   0x00000006   Code   RO          448    i.USBD_LL_SetSpeed  usbd_core.o
    0x08003e9e   0x00000020   Code   RO         3692    i.USBD_LL_SetUSBAddress  usbd_conf.o
    0x08003ebe   0x0000005a   Code   RO          449    i.USBD_LL_SetupStage  usbd_core.o
    0x08003f18   0x00000020   Code   RO         3693    i.USBD_LL_StallEP   usbd_conf.o
    0x08003f38   0x00000020   Code   RO         3694    i.USBD_LL_Start     usbd_conf.o
    0x08003f58   0x00000012   Code   RO          450    i.USBD_LL_Suspend   usbd_core.o
    0x08003f6a   0x00000020   Code   RO         3696    i.USBD_LL_Transmit  usbd_conf.o
    0x08003f8a   0x0000000a   Code   RO          282    i.USBD_MSC_DataIn   usbd_msc.o
    0x08003f94   0x0000000a   Code   RO          283    i.USBD_MSC_DataOut  usbd_msc.o
    0x08003f9e   0x0000002c   Code   RO          284    i.USBD_MSC_DeInit   usbd_msc.o
    0x08003fca   0x00000002   PAD
    0x08003fcc   0x0000000c   Code   RO          285    i.USBD_MSC_GetDeviceQualifierDescriptor  usbd_msc.o
    0x08003fd8   0x0000000c   Code   RO          286    i.USBD_MSC_GetFSCfgDesc  usbd_msc.o
    0x08003fe4   0x0000000c   Code   RO          287    i.USBD_MSC_GetHSCfgDesc  usbd_msc.o
    0x08003ff0   0x0000000c   Code   RO          288    i.USBD_MSC_GetOtherSpeedCfgDesc  usbd_msc.o
    0x08003ffc   0x00000052   Code   RO          289    i.USBD_MSC_Init     usbd_msc.o
    0x0800404e   0x0000000a   Code   RO          290    i.USBD_MSC_RegisterStorage  usbd_msc.o
    0x08004058   0x000000c2   Code   RO          291    i.USBD_MSC_Setup    usbd_msc.o
    0x0800411a   0x00000028   Code   RO            7    i.USBD_ParseSetupRequest  usbd_ctlreq.o
    0x08004142   0x00000010   Code   RO          451    i.USBD_RegisterClass  usbd_core.o
    0x08004152   0x00000016   Code   RO          453    i.USBD_SetClassConfig  usbd_core.o
    0x08004168   0x00000074   Code   RO            8    i.USBD_SetConfig    usbd_ctlreq.o
    0x080041dc   0x0000000a   Code   RO          454    i.USBD_Start        usbd_core.o
    0x080041e6   0x000000f2   Code   RO            9    i.USBD_StdDevReq    usbd_ctlreq.o
    0x080042d8   0x000000dc   Code   RO           10    i.USBD_StdEPReq     usbd_ctlreq.o
    0x080043b4   0x00000034   Code   RO           11    i.USBD_StdItfReq    usbd_ctlreq.o
    0x080043e8   0x00000080   Code   RO         1961    i.USB_ActivateEndpoint  stm32f4xx_ll_usb.o
    0x08004468   0x00000034   Code   RO         1962    i.USB_ActivateSetup  stm32f4xx_ll_usb.o
    0x0800449c   0x0000006c   Code   RO         1964    i.USB_CoreInit      stm32f4xx_ll_usb.o
    0x08004508   0x00000038   Code   RO         1965    i.USB_CoreReset     stm32f4xx_ll_usb.o
    0x08004540   0x000000c8   Code   RO         1967    i.USB_DeactivateEndpoint  stm32f4xx_ll_usb.o
    0x08004608   0x00000018   Code   RO         1968    i.USB_DevConnect    stm32f4xx_ll_usb.o
    0x08004620   0x00000018   Code   RO         1969    i.USB_DevDisconnect  stm32f4xx_ll_usb.o
    0x08004638   0x00000140   Code   RO         1970    i.USB_DevInit       stm32f4xx_ll_usb.o
    0x08004778   0x0000000c   Code   RO         1971    i.USB_DisableGlobalInt  stm32f4xx_ll_usb.o
    0x08004784   0x00000140   Code   RO         1974    i.USB_EP0StartXfer  stm32f4xx_ll_usb.o
    0x080048c4   0x0000003e   Code   RO         1975    i.USB_EP0_OutStart  stm32f4xx_ll_usb.o
    0x08004902   0x00000064   Code   RO         1976    i.USB_EPClearStall  stm32f4xx_ll_usb.o
    0x08004966   0x0000005e   Code   RO         1977    i.USB_EPSetStall    stm32f4xx_ll_usb.o
    0x080049c4   0x0000021c   Code   RO         1978    i.USB_EPStartXfer   stm32f4xx_ll_usb.o
    0x08004be0   0x0000000c   Code   RO         1979    i.USB_EnableGlobalInt  stm32f4xx_ll_usb.o
    0x08004bec   0x00000020   Code   RO         1980    i.USB_FlushRxFifo   stm32f4xx_ll_usb.o
    0x08004c0c   0x00000024   Code   RO         1981    i.USB_FlushTxFifo   stm32f4xx_ll_usb.o
    0x08004c30   0x0000003c   Code   RO         1983    i.USB_GetDevSpeed   stm32f4xx_ll_usb.o
    0x08004c6c   0x00000008   Code   RO         1985    i.USB_GetMode       stm32f4xx_ll_usb.o
    0x08004c74   0x0000000e   Code   RO         1992    i.USB_ReadDevAllInEpInterrupt  stm32f4xx_ll_usb.o
    0x08004c82   0x0000000e   Code   RO         1993    i.USB_ReadDevAllOutEpInterrupt  stm32f4xx_ll_usb.o
    0x08004c90   0x0000001e   Code   RO         1994    i.USB_ReadDevInEPInterrupt  stm32f4xx_ll_usb.o
    0x08004cae   0x00000010   Code   RO         1995    i.USB_ReadDevOutEPInterrupt  stm32f4xx_ll_usb.o
    0x08004cbe   0x00000008   Code   RO         1996    i.USB_ReadInterrupts  stm32f4xx_ll_usb.o
    0x08004cc6   0x00000020   Code   RO         1997    i.USB_ReadPacket    stm32f4xx_ll_usb.o
    0x08004ce6   0x0000002c   Code   RO         1999    i.USB_SetCurrentMode  stm32f4xx_ll_usb.o
    0x08004d12   0x00000022   Code   RO         2000    i.USB_SetDevAddress  stm32f4xx_ll_usb.o
    0x08004d34   0x00000028   Code   RO         2004    i.USB_WritePacket   stm32f4xx_ll_usb.o
    0x08004d5c   0x00000002   Code   RO         3868    i.UsageFault_Handler  stm32f4xx_it.o
    0x08004d5e   0x00000002   Code   RO         3950    i._Error_Handler    main.o
    0x08004d60   0x0000000e   Code   RO         4819    i.__scatterload_copy  mc_w.l(handlers.o)
    0x08004d6e   0x00000002   Code   RO         4820    i.__scatterload_null  mc_w.l(handlers.o)
    0x08004d70   0x0000000e   Code   RO         4821    i.__scatterload_zeroinit  mc_w.l(handlers.o)
    0x08004d7e   0x00000002   PAD
    0x08004d80   0x00000050   Code   RO         4771    i.free              mc_w.l(malloc.o)
    0x08004dd0   0x0000003c   Code   RO         3951    i.main              main.o
    0x08004e0c   0x0000006c   Code   RO         4772    i.malloc            mc_w.l(malloc.o)
    0x08004e78   0x00000007   Data   RO          574    .constdata          usbd_msc_data.o
    0x08004e7f   0x00000008   Data   RO          575    .constdata          usbd_msc_data.o
    0x08004e87   0x00000008   Data   RO          576    .constdata          usbd_msc_data.o
    0x08004e8f   0x00000024   Data   RO         4016    .constdata          usbd_storage_if.o
    0x08004eb3   0x00000001   PAD
    0x08004eb4   0x00000014   Data   RO         4241    .constdata          sd_diskio.o
    0x08004ec8   0x00000010   Data   RO         4731    .constdata          system_stm32f4xx.o
    0x08004ed8   0x00000020   Data   RO         4817    Region$$Table       anon$$obj.o


    Execution Region RW_IRAM1 (Base: 0x20000000, Size: 0x00006a68, Max: 0x00020000, ABSOLUTE)

    Base Addr    Size         Type   Attr      Idx    E Section Name        Object

    0x20000000   0x00000001   Data   RW           12    .data               usbd_ctlreq.o
    0x20000001   0x00000003   PAD
    0x20000004   0x00000038   Data   RW          292    .data               usbd_msc.o
    0x2000003c   0x0000006a   Data   RW          293    .data               usbd_msc.o
    0x200000a6   0x00000002   PAD
    0x200000a8   0x00000004   Data   RW         1309    .data               stm32f4xx_hal.o
    0x200000ac   0x0000001c   Data   RW         3309    .data               usbd_desc.o
    0x200000c8   0x00000016   Data   RW         3310    .data               usbd_desc.o
    0x200000de   0x00000005   Data   RW         3511    .data               fatfs.o
    0x200000e3   0x00000001   PAD
    0x200000e4   0x00000008   Data   RW         3610    .data               stm32f4xx_hal_msp.o
    0x200000ec   0x00000020   Data   RW         4017    .data               usbd_storage_if.o
    0x2000010c   0x00000001   Data   RW         4242    .data               sd_diskio.o
    0x2000010d   0x00000003   PAD
    0x20000110   0x00000004   Data   RW         4733    .data               system_stm32f4xx.o
    0x20000114   0x00000004   Data   RW         4813    .data               mc_w.l(mvars.o)
    0x20000118   0x00000004   Data   RW         4814    .data               mc_w.l(mvars.o)
    0x2000011c   0x00000200   Zero   RW         3308    .bss                usbd_desc.o
    0x2000031c   0x00000224   Zero   RW         3565    .bss                usb_device.o
    0x20000540   0x000003f0   Zero   RW         3697    .bss                usbd_conf.o
    0x20000930   0x0000012c   Zero   RW         3952    .bss                main.o
    0x20000a5c   0x0000000c   Zero   RW         4159    .bss                ff_gen_drv.o
    0x20000a68   0x00004000   Zero   RW         4720    HEAP                startup_stm32f407xx.o
    0x20004a68   0x00002000   Zero   RW         4719    STACK               startup_stm32f407xx.o



  Load Region LR$$.ARM.__AT_0x60000000 (Base: 0x60000000, Size: 0x00000000, Max: 0x00080000, ABSOLUTE)

    Execution Region ER$$.ARM.__AT_0x60000000 (Base: 0x60000000, Size: 0x00080000, Max: 0x00080000, ABSOLUTE, UNINIT)

    Base Addr    Size         Type   Attr      Idx    E Section Name        Object

    0x60000000   0x00080000   Zero   RW         4015    .ARM.__AT_0x60000000  usbd_storage_if.o


==============================================================================

Image component sizes


      Code (inc. data)   RO Data    RW Data    ZI Data      Debug   Object Name

       174         26          0          0          0       3974   bsp_driver_sd.o
        28         10          0          5          0       5922   fatfs.o
        28          6          0          0          0        553   fatfs_platform.o
        70          4          0          0         12       1655   ff_gen_drv.o
       918         68          0          0        300       4500   main.o
       264         34         20          1          0       4556   sd_diskio.o
        36          8        392          0      24576        812   startup_stm32f407xx.o
       148         22          0          4          0       4479   stm32f4xx_hal.o
       228         14          0          0          0      32217   stm32f4xx_hal_cortex.o
        36          0          0          0          0       1231   stm32f4xx_hal_dma.o
       452         44          0          0          0       3115   stm32f4xx_hal_gpio.o
       464         58          0          8          0       3644   stm32f4xx_hal_msp.o
      2208         72          0          0          0      12200   stm32f4xx_hal_pcd.o
        76          0          0          0          0       1872   stm32f4xx_hal_pcd_ex.o
      1338         60          0          0          0       6173   stm32f4xx_hal_rcc.o
      3016         14          0          0          0      18154   stm32f4xx_hal_sd.o
       128          0          0          0          0       1227   stm32f4xx_hal_spi.o
        86          0          0          0          0       1228   stm32f4xx_hal_sram.o
        56         12          0          0          0       5128   stm32f4xx_it.o
       216         12          0          0          0       2735   stm32f4xx_ll_fsmc.o
      1630         42          0          0          0      22955   stm32f4xx_ll_sdmmc.o
      2420         56          0          0          0      20628   stm32f4xx_ll_usb.o
        84         18         16          4          0       1183   system_stm32f4xx.o
        56         18          0          0        548        740   usb_device.o
       738         38          0          0       1008      15332   usbd_conf.o
       626          0          0          0          0      12154   usbd_core.o
       986         30          0          1          0     702240   usbd_ctlreq.o
       208        112          0         50        512       5219   usbd_desc.o
       102          0          0          0          0       3852   usbd_ioreq.o
       398         16          0        162          0       9484   usbd_msc.o
       586         12          0          0          0      12550   usbd_msc_bot.o
         0          0         23          0          0        873   usbd_msc_data.o
      1408         12          0          0          0      10691   usbd_msc_scsi.o
       138         10         36         32     524288       4896   usbd_storage_if.o

    ----------------------------------------------------------------------
     19384        828        520        276     551244     938172   Object Totals
         0          0         32          0          0          0   (incl. Generated)
        34          0          1          9          0          0   (incl. Padding)

    ----------------------------------------------------------------------

      Code (inc. data)   RO Data    RW Data    ZI Data      Debug   Library Member Name

         0          0          0          0          0          0   entry.o
         0          0          0          0          0          0   entry10a.o
         0          0          0          0          0          0   entry11a.o
         8          4          0          0          0          0   entry2.o
         4          0          0          0          0          0   entry5.o
         0          0          0          0          0          0   entry7b.o
         0          0          0          0          0          0   entry8b.o
         8          4          0          0          0          0   entry9a.o
        30          0          0          0          0          0   handlers.o
        36          8          0          0          0         68   init.o
       188         20          0          0          0        160   malloc.o
        36          0          0          0          0         68   memcpya.o
         0          0          0          8          0          0   mvars.o

    ----------------------------------------------------------------------
       312         36          0          8          0        296   Library Totals
         2          0          0          0          0          0   (incl. Padding)

    ----------------------------------------------------------------------

      Code (inc. data)   RO Data    RW Data    ZI Data      Debug   Library Name

       310         36          0          8          0        296   mc_w.l

    ----------------------------------------------------------------------
       312         36          0          8          0        296   Library Totals

    ----------------------------------------------------------------------

==============================================================================


      Code (inc. data)   RO Data    RW Data    ZI Data      Debug   

     19696        864        520        284     551244     913768   Grand Totals
     19696        864        520        284     551244     913768   ELF Image Totals
     19696        864        520        284          0          0   ROM Totals

==============================================================================

    Total RO  Size (Code + RO Data)                20216 (  19.74kB)
    Total RW  Size (RW Data + ZI Data)            551528 ( 538.60kB)
    Total ROM Size (Code + RO Data + RW Data)      20500 (  20.02kB)

==============================================================================

