<html>
<body>
<pre>
<h1>µVision Build Log</h1>
<h2>Tool Versions:</h2>
IDE-Version: ¦ÌVision V5.23.0.0
Copyright (C) 2017 ARM Ltd and ARM Germany GmbH. All rights reserved.
License Information: RSN Administrator, Noname, LIC=AK130-BNZ86-D2AL7-ERHUA-72GW0-2HLNN
 
Tool Versions:
Toolchain:       MDK-ARM Professional  Version: 5.23
Toolchain Path:  d:\Keil_v5\ARM\ARMCC\Bin
C Compiler:      Armcc.exe V5.06 update 4 (build 422)
Assembler:       Armasm.exe V5.06 update 4 (build 422)
Linker/Locator:  ArmLink.exe V5.06 update 4 (build 422)
Library Manager: ArmAr.exe V5.06 update 4 (build 422)
Hex Converter:   FromElf.exe V5.06 update 4 (build 422)
CPU DLL:         SARMCM3.DLL V5.23
Dialog DLL:      DCM.DLL V1.15.0.0
Target DLL:      STLink\ST-LINKIII-KEIL_SWO.dll V2.0.18.0
Dialog DLL:      TCM.DLL V1.27.0.0
 
<h2>Project:</h2>
G:\ShananDesign\IRadio2_PJ_SW\USB_ALL_READER\MDK-ARM\USB_SD_READER.uvprojx
Project File Date:  10/23/2017

<h2>Output:</h2>
*** Using Compiler 'V5.06 update 4 (build 422)', folder: 'd:\Keil_v5\ARM\ARMCC\Bin'
Rebuild target 'RAM'
compiling usbd_msc_bot.c...
compiling usbd_ctlreq.c...
compiling usbd_msc.c...
compiling usbd_msc_data.c...
compiling usbd_msc_scsi.c...
compiling usbd_core.c...
compiling stm32f4xx_hal_sram.c...
compiling usbd_ioreq.c...
compiling stm32f4xx_hal_dma_ex.c...
compiling stm32f4xx_ll_fsmc.c...
compiling stm32f4xx_hal_rcc_ex.c...
compiling stm32f4xx_hal_flash_ex.c...
compiling stm32f4xx_hal_tim_ex.c...
compiling stm32f4xx_hal_flash.c...
compiling stm32f4xx_hal_rcc.c...
compiling stm32f4xx_hal.c...
compiling stm32f4xx_ll_sdmmc.c...
compiling stm32f4xx_hal_pwr.c...
compiling stm32f4xx_hal_pcd_ex.c...
compiling stm32f4xx_hal_dma.c...
compiling stm32f4xx_ll_usb.c...
compiling stm32f4xx_hal_gpio.c...
compiling stm32f4xx_hal_cortex.c...
compiling stm32f4xx_hal_tim.c...
compiling stm32f4xx_hal_pwr_ex.c...
compiling stm32f4xx_hal_pcd.c...
compiling stm32f4xx_hal_sd.c...
compiling stm32f4xx_hal_flash_ramfunc.c...
compiling usbd_desc.c...
compiling stm32f4xx_hal_spi.c...
compiling fatfs_platform.c...
compiling bsp_driver_sd.c...
compiling fatfs.c...
compiling stm32f4xx_hal_msp.c...
compiling usb_device.c...
compiling usbd_conf.c...
compiling stm32f4xx_it.c...
compiling main.c...
compiling usbd_storage_if.c...
compiling syscall.c...
compiling W25Qx.c...
compiling ff_gen_drv.c...
compiling diskio.c...
compiling sd_diskio.c...
compiling ff.c...
assembling startup_stm32f407xx.s...
compiling system_stm32f4xx.c...
compiling cc936.c...
linking...
Program Size: Code=19696 RO-data=520 RW-data=284 ZI-data=129356  
"USB_SD_READER\USB_RAM_READER.axf" - 0 Error(s), 0 Warning(s).

<h2>Collection of Component include folders:</h2>
  .\RTE\_RAM
  d:\Keil_v5\ARM\PACK\Keil\STM32F4xx_DFP\2.9.0\Drivers\CMSIS\Device\ST\STM32F4xx\Include

<h2>Collection of Component Files used:</h2>
Build Time Elapsed:  00:01:12
</pre>
</body>
</html>
